Archive member included to satisfy reference by file (symbol)

c:/st/stm32cubeide_1.3.0/stm32cubeide/plugins/com.st.stm32cube.ide.mcu.externaltools.gnu-tools-for-stm32.7-2018-q2-update.win32_1.5.0.202011040924/tools/bin/../lib/gcc/arm-none-eabi/7.3.1/../../../../arm-none-eabi/lib/thumb/v7e-m/fpv4-sp/hard\libc_nano.a(lib_a-errno.o)
                              Src/syscalls.o (__errno)
c:/st/stm32cubeide_1.3.0/stm32cubeide/plugins/com.st.stm32cube.ide.mcu.externaltools.gnu-tools-for-stm32.7-2018-q2-update.win32_1.5.0.202011040924/tools/bin/../lib/gcc/arm-none-eabi/7.3.1/../../../../arm-none-eabi/lib/thumb/v7e-m/fpv4-sp/hard\libc_nano.a(lib_a-exit.o)
                              c:/st/stm32cubeide_1.3.0/stm32cubeide/plugins/com.st.stm32cube.ide.mcu.externaltools.gnu-tools-for-stm32.7-2018-q2-update.win32_1.5.0.202011040924/tools/bin/../lib/gcc/arm-none-eabi/7.3.1/../../../../arm-none-eabi/lib/thumb/v7e-m/fpv4-sp/hard/crt0.o (exit)
c:/st/stm32cubeide_1.3.0/stm32cubeide/plugins/com.st.stm32cube.ide.mcu.externaltools.gnu-tools-for-stm32.7-2018-q2-update.win32_1.5.0.202011040924/tools/bin/../lib/gcc/arm-none-eabi/7.3.1/../../../../arm-none-eabi/lib/thumb/v7e-m/fpv4-sp/hard\libc_nano.a(lib_a-impure.o)
                              c:/st/stm32cubeide_1.3.0/stm32cubeide/plugins/com.st.stm32cube.ide.mcu.externaltools.gnu-tools-for-stm32.7-2018-q2-update.win32_1.5.0.202011040924/tools/bin/../lib/gcc/arm-none-eabi/7.3.1/../../../../arm-none-eabi/lib/thumb/v7e-m/fpv4-sp/hard\libc_nano.a(lib_a-exit.o) (_global_impure_ptr)
c:/st/stm32cubeide_1.3.0/stm32cubeide/plugins/com.st.stm32cube.ide.mcu.externaltools.gnu-tools-for-stm32.7-2018-q2-update.win32_1.5.0.202011040924/tools/bin/../lib/gcc/arm-none-eabi/7.3.1/../../../../arm-none-eabi/lib/thumb/v7e-m/fpv4-sp/hard\libc_nano.a(lib_a-init.o)
                              c:/st/stm32cubeide_1.3.0/stm32cubeide/plugins/com.st.stm32cube.ide.mcu.externaltools.gnu-tools-for-stm32.7-2018-q2-update.win32_1.5.0.202011040924/tools/bin/../lib/gcc/arm-none-eabi/7.3.1/../../../../arm-none-eabi/lib/thumb/v7e-m/fpv4-sp/hard/crt0.o (__libc_init_array)
c:/st/stm32cubeide_1.3.0/stm32cubeide/plugins/com.st.stm32cube.ide.mcu.externaltools.gnu-tools-for-stm32.7-2018-q2-update.win32_1.5.0.202011040924/tools/bin/../lib/gcc/arm-none-eabi/7.3.1/../../../../arm-none-eabi/lib/thumb/v7e-m/fpv4-sp/hard\libc_nano.a(lib_a-memcpy-stub.o)
                              Drivers/VL53L0X/core/src/vl53l0x_api_calibration.o (memcpy)
c:/st/stm32cubeide_1.3.0/stm32cubeide/plugins/com.st.stm32cube.ide.mcu.externaltools.gnu-tools-for-stm32.7-2018-q2-update.win32_1.5.0.202011040924/tools/bin/../lib/gcc/arm-none-eabi/7.3.1/../../../../arm-none-eabi/lib/thumb/v7e-m/fpv4-sp/hard\libc_nano.a(lib_a-memset.o)
                              c:/st/stm32cubeide_1.3.0/stm32cubeide/plugins/com.st.stm32cube.ide.mcu.externaltools.gnu-tools-for-stm32.7-2018-q2-update.win32_1.5.0.202011040924/tools/bin/../lib/gcc/arm-none-eabi/7.3.1/../../../../arm-none-eabi/lib/thumb/v7e-m/fpv4-sp/hard/crt0.o (memset)
c:/st/stm32cubeide_1.3.0/stm32cubeide/plugins/com.st.stm32cube.ide.mcu.externaltools.gnu-tools-for-stm32.7-2018-q2-update.win32_1.5.0.202011040924/tools/bin/../lib/gcc/arm-none-eabi/7.3.1/../../../../arm-none-eabi/lib/thumb/v7e-m/fpv4-sp/hard\libc_nano.a(lib_a-strcpy.o)
                              Drivers/VL53L0X/core/src/vl53l0x_api_core.o (strcpy)
c:/st/stm32cubeide_1.3.0/stm32cubeide/plugins/com.st.stm32cube.ide.mcu.externaltools.gnu-tools-for-stm32.7-2018-q2-update.win32_1.5.0.202011040924/tools/bin/../lib/gcc/arm-none-eabi/7.3.1/thumb/v7e-m/fpv4-sp/hard\libgcc.a(_aeabi_uldivmod.o)
                              Drivers/STM32F4xx_HAL_Driver/Src/stm32f4xx_hal_rcc.o (__aeabi_uldivmod)
c:/st/stm32cubeide_1.3.0/stm32cubeide/plugins/com.st.stm32cube.ide.mcu.externaltools.gnu-tools-for-stm32.7-2018-q2-update.win32_1.5.0.202011040924/tools/bin/../lib/gcc/arm-none-eabi/7.3.1/thumb/v7e-m/fpv4-sp/hard\libgcc.a(_udivmoddi4.o)
                              c:/st/stm32cubeide_1.3.0/stm32cubeide/plugins/com.st.stm32cube.ide.mcu.externaltools.gnu-tools-for-stm32.7-2018-q2-update.win32_1.5.0.202011040924/tools/bin/../lib/gcc/arm-none-eabi/7.3.1/thumb/v7e-m/fpv4-sp/hard\libgcc.a(_aeabi_uldivmod.o) (__udivmoddi4)
c:/st/stm32cubeide_1.3.0/stm32cubeide/plugins/com.st.stm32cube.ide.mcu.externaltools.gnu-tools-for-stm32.7-2018-q2-update.win32_1.5.0.202011040924/tools/bin/../lib/gcc/arm-none-eabi/7.3.1/thumb/v7e-m/fpv4-sp/hard\libgcc.a(_dvmd_tls.o)
                              c:/st/stm32cubeide_1.3.0/stm32cubeide/plugins/com.st.stm32cube.ide.mcu.externaltools.gnu-tools-for-stm32.7-2018-q2-update.win32_1.5.0.202011040924/tools/bin/../lib/gcc/arm-none-eabi/7.3.1/thumb/v7e-m/fpv4-sp/hard\libgcc.a(_aeabi_uldivmod.o) (__aeabi_ldiv0)

Allocating common symbols
Common symbol       size              file

ust_D_P             0x4               Src/main.o
vl53l0x_4           0x190             Src/main.o
RangingData1        0x1c              Src/main.o
[...]
Memory Configuration

Name             Origin             Length             Attributes
RAM              0x0000000020000000 0x0000000000010000 xrw
FLASH            0x0000000008000000 0x0000000000040000 xr
*default*        0x0000000000000000 0xffffffffffffffff

Linker script and memory map

LOAD c:/st/stm32cubeide_1.3.0/stm32cubeide/plugins/com.st.stm32cube.ide.mcu.externaltools.gnu-tools-for-stm32.7-2018-q2-update.win32_1.5.0.202011040924/tools/bin/../lib/gcc/arm-none-eabi/7.3.1/thumb/v7e-m/fpv4-sp/hard/crti.o
LOAD c:/st/stm32cubeide_1.3.0/stm32cubeide/plugins/com.st.stm32cube.ide.mcu.externaltools.gnu-tools-for-stm32.7-2018-q2-update.win32_1.5.0.202011040924/tools/bin/../lib/gcc/arm-none-eabi/7.3.1/thumb/v7e-m/fpv4-sp/hard/crtbegin.o
LOAD c:/st/stm32cubeide_1.3.0/stm32cubeide/plugins/com.st.stm32cube.ide.mcu.externaltools.gnu-tools-for-stm32.7-2018-q2-update.win32_1.5.0.202011040924/tools/bin/../lib/gcc/arm-none-eabi/7.3.1/../../../../arm-none-eabi/lib/thumb/v7e-m/fpv4-sp/hard/crt0.o
LOAD Drivers/STM32F4xx_HAL_Driver/Src/stm32f4xx_hal.o
LOAD Drivers/STM32F4xx_HAL_Driver/Src/stm32f4xx_hal_adc.o
LOAD Drivers/STM32F4xx_HAL_Driver/Src/stm32f4xx_hal_adc_ex.o
LOAD Drivers/STM32F4xx_HAL_Driver/Src/stm32f4xx_hal_cortex.o
LOAD Drivers/STM32F4xx_HAL_Driver/Src/stm32f4xx_hal_dma.o
LOAD Drivers/STM32F4xx_HAL_Driver/Src/stm32f4xx_hal_dma_ex.o
LOAD Drivers/STM32F4xx_HAL_Driver/Src/stm32f4xx_hal_exti.o
LOAD Drivers/STM32F4xx_HAL_Driver/Src/stm32f4xx_hal_flash.o
LOAD Drivers/STM32F4xx_HAL_Driver/Src/stm32f4xx_hal_flash_ex.o
LOAD Drivers/STM32F4xx_HAL_Driver/Src/stm32f4xx_hal_flash_ramfunc.o
LOAD Drivers/STM32F4xx_HAL_Driver/Src/stm32f4xx_hal_gpio.o
LOAD Drivers/STM32F4xx_HAL_Driver/Src/stm32f4xx_hal_i2c.o
LOAD Drivers/STM32F4xx_HAL_Driver/Src/stm32f4xx_hal_i2c_ex.o
LOAD Drivers/STM32F4xx_HAL_Driver/Src/stm32f4xx_hal_pwr.o
LOAD Drivers/STM32F4xx_HAL_Driver/Src/stm32f4xx_hal_pwr_ex.o
LOAD Drivers/STM32F4xx_HAL_Driver/Src/stm32f4xx_hal_rcc.o
LOAD Drivers/STM32F4xx_HAL_Driver/Src/stm32f4xx_hal_rcc_ex.o
LOAD Drivers/STM32F4xx_HAL_Driver/Src/stm32f4xx_hal_tim.o
LOAD Drivers/STM32F4xx_HAL_Driver/Src/stm32f4xx_hal_tim_ex.o
LOAD Drivers/VL53L0X/core/src/vl53l0x_api.o
LOAD Drivers/VL53L0X/core/src/vl53l0x_api_calibration.o
LOAD Drivers/VL53L0X/core/src/vl53l0x_api_core.o
LOAD Drivers/VL53L0X/core/src/vl53l0x_api_ranging.o
LOAD Drivers/VL53L0X/core/src/vl53l0x_api_strings.o
LOAD Drivers/VL53L0X/platform/src/vl53l0x_platform.o
LOAD Drivers/VL53L0X/platform/src/vl53l0x_platform_log.o
LOAD Src/adc.o
LOAD Src/dma.o
LOAD Src/gpio.o
LOAD Src/i2c.o
LOAD Src/main.o
LOAD Src/stm32f4xx_hal_msp.o
LOAD Src/stm32f4xx_it.o
LOAD Src/syscalls.o
LOAD Src/sysmem.o
LOAD Src/system_stm32f4xx.o
LOAD Src/tim.o
LOAD Startup/startup_stm32f401rctx.o
START GROUP
LOAD c:/st/stm32cubeide_1.3.0/stm32cubeide/plugins/com.st.stm32cube.ide.mcu.externaltools.gnu-tools-for-stm32.7-2018-q2-update.win32_1.5.0.202011040924/tools/bin/../lib/gcc/arm-none-eabi/7.3.1/../../../../arm-none-eabi/lib/thumb/v7e-m/fpv4-sp/hard\libc_nano.a
LOAD c:/st/stm32cubeide_1.3.0/stm32cubeide/plugins/com.st.stm32cube.ide.mcu.externaltools.gnu-tools-for-stm32.7-2018-q2-update.win32_1.5.0.202011040924/tools/bin/../lib/gcc/arm-none-eabi/7.3.1/../../../../arm-none-eabi/lib/thumb/v7e-m/fpv4-sp/hard\libm.a
END GROUP
START GROUP
LOAD c:/st/stm32cubeide_1.3.0/stm32cubeide/plugins/com.st.stm32cube.ide.mcu.externaltools.gnu-tools-for-stm32.7-2018-q2-update.win32_1.5.0.202011040924/tools/bin/../lib/gcc/arm-none-eabi/7.3.1/thumb/v7e-m/fpv4-sp/hard\libgcc.a
LOAD c:/st/stm32cubeide_1.3.0/stm32cubeide/plugins/com.st.stm32cube.ide.mcu.externaltools.gnu-tools-for-stm32.7-2018-q2-update.win32_1.5.0.202011040924/tools/bin/../lib/gcc/arm-none-eabi/7.3.1/../../../../arm-none-eabi/lib/thumb/v7e-m/fpv4-sp/hard\libc_nano.a
END GROUP
START GROUP
LOAD c:/st/stm32cubeide_1.3.0/stm32cubeide/plugins/com.st.stm32cube.ide.mcu.externaltools.gnu-tools-for-stm32.7-2018-q2-update.win32_1.5.0.202011040924/tools/bin/../lib/gcc/arm-none-eabi/7.3.1/thumb/v7e-m/fpv4-sp/hard\libgcc.a
LOAD c:/st/stm32cubeide_1.3.0/stm32cubeide/plugins/com.st.stm32cube.ide.mcu.externaltools.gnu-tools-for-stm32.7-2018-q2-update.win32_1.5.0.202011040924/tools/bin/../lib/gcc/arm-none-eabi/7.3.1/../../../../arm-none-eabi/lib/thumb/v7e-m/fpv4-sp/hard\libc_nano.a
LOAD c:/st/stm32cubeide_1.3.0/stm32cubeide/plugins/com.st.stm32cube.ide.mcu.externaltools.gnu-tools-for-stm32.7-2018-q2-update.win32_1.5.0.202011040924/tools/bin/../lib/gcc/arm-none-eabi/7.3.1/../../../../arm-none-eabi/lib/thumb/v7e-m/fpv4-sp/hard\libnosys.a
END GROUP
START GROUP
LOAD c:/st/stm32cubeide_1.3.0/stm32cubeide/plugins/com.st.stm32cube.ide.mcu.externaltools.gnu-tools-for-stm32.7-2018-q2-update.win32_1.5.0.202011040924/tools/bin/../lib/gcc/arm-none-eabi/7.3.1/thumb/v7e-m/fpv4-sp/hard\libgcc.a
LOAD c:/st/stm32cubeide_1.3.0/stm32cubeide/plugins/com.st.stm32cube.ide.mcu.externaltools.gnu-tools-for-stm32.7-2018-q2-update.win32_1.5.0.202011040924/tools/bin/../lib/gcc/arm-none-eabi/7.3.1/../../../../arm-none-eabi/lib/thumb/v7e-m/fpv4-sp/hard\libc_nano.a
LOAD c:/st/stm32cubeide_1.3.0/stm32cubeide/plugins/com.st.stm32cube.ide.mcu.externaltools.gnu-tools-for-stm32.7-2018-q2-update.win32_1.5.0.202011040924/tools/bin/../lib/gcc/arm-none-eabi/7.3.1/../../../../arm-none-eabi/lib/thumb/v7e-m/fpv4-sp/hard\libnosys.a
END GROUP
LOAD c:/st/stm32cubeide_1.3.0/stm32cubeide/plugins/com.st.stm32cube.ide.mcu.externaltools.gnu-tools-for-stm32.7-2018-q2-update.win32_1.5.0.202011040924/tools/bin/../lib/gcc/arm-none-eabi/7.3.1/thumb/v7e-m/fpv4-sp/hard/crtend.o
LOAD c:/st/stm32cubeide_1.3.0/stm32cubeide/plugins/com.st.stm32cube.ide.mcu.externaltools.gnu-tools-for-stm32.7-2018-q2-update.win32_1.5.0.202011040924/tools/bin/../lib/gcc/arm-none-eabi/7.3.1/thumb/v7e-m/fpv4-sp/hard/crtn.o
                0x0000000020010000                _estack = (ORIGIN (RAM) + LENGTH (RAM))
                0x0000000000000200                _Min_Heap_Size = 0x200
                0x0000000000000400                _Min_Stack_Size = 0x400

.isr_vector     0x0000000008000000      0x194
                0x0000000008000000                . = ALIGN (0x4)
 *(.isr_vector)
 .isr_vector    0x0000000008000000      0x194 Startup/startup_stm32f401rctx.o
                0x0000000008000000                g_pfnVectors
                0x0000000008000194                . = ALIGN (0x4)

.text           0x0000000008000194     0x971c
                0x0000000008000194                . = ALIGN (0x4)
 *(.text)
 .text          0x0000000008000194       0x40 c:/st/stm32cubeide_1.3.0/stm32cubeide/plugins/com.st.stm32cube.ide.mcu.externaltools.gnu-tools-for-stm32.7-2018-q2-update.win32_1.5.0.202011040924/tools/bin/../lib/gcc/arm-none-eabi/7.3.1/thumb/v7e-m/fpv4-sp/hard/crtbegin.o
 .text          0x00000000080001d4       0x30 c:/st/stm32cubeide_1.3.0/stm32cubeide/plugins/com.st.stm32cube.ide.mcu.externaltools.gnu-tools-for-stm32.7-2018-q2-update.win32_1.5.0.202011040924/tools/bin/../lib/gcc/arm-none-eabi/7.3.1/thumb/v7e-m/fpv4-sp/hard\libgcc.a(_aeabi_uldivmod.o)
                0x00000000080001d4                __aeabi_uldivmod
 .text          0x0000000008000204      0x2cc c:/st/stm32cubeide_1.3.0/stm32cubeide/plugins/com.st.stm32cube.ide.mcu.externaltools.gnu-tools-for-stm32.7-2018-q2-update.win32_1.5.0.202011040924/tools/bin/../lib/gcc/arm-none-eabi/7.3.1/thumb/v7e-m/fpv4-sp/hard\libgcc.a(_udivmoddi4.o)
                0x0000000008000204                __udivmoddi4
 .text          0x00000000080004d0        0x4 c:/st/stm32cubeide_1.3.0/stm32cubeide/plugins/com.st.stm32cube.ide.mcu.externaltools.gnu-tools-for-stm32.7-2018-q2-update.win32_1.5.0.202011040924/tools/bin/../lib/gcc/arm-none-eabi/7.3.1/thumb/v7e-m/fpv4-sp/hard\libgcc.a(_dvmd_tls.o)
                0x00000000080004d0                __aeabi_idiv0
                0x00000000080004d0                __aeabi_ldiv0
 *(.text*)
 .text.HAL_Init
                0x00000000080004d4       0x44 Drivers/STM32F4xx_HAL_Driver/Src/stm32f4xx_hal.o
                0x00000000080004d4                HAL_Init
 .text.HAL_InitTick
                0x0000000008000518       0x60 Drivers/STM32F4xx_HAL_Driver/Src/stm32f4xx_hal.o
                0x0000000008000518                HAL_InitTick
 .text.HAL_IncTick
                0x0000000008000578       0x28 Drivers/STM32F4xx_HAL_Driver/Src/stm32f4xx_hal.o
                0x0000000008000578                HAL_IncTick
 .text.HAL_GetTick
                0x00000000080005a0       0x18 Drivers/STM32F4xx_HAL_Driver/Src/stm32f4xx_hal.o
                0x00000000080005a0                HAL_GetTick
 .text.HAL_Delay
                0x00000000080005b8       0x44 Drivers/STM32F4xx_HAL_Driver/Src/stm32f4xx_hal.o
                0x00000000080005b8                HAL_Delay
 .text.HAL_ADC_Init
                0x00000000080005fc       0x86 Drivers/STM32F4xx_HAL_Driver/Src/stm32f4xx_hal_adc.o
                0x00000000080005fc                HAL_ADC_Init
 *fill*         0x0000000008000682        0x2 
 .text.HAL_ADC_Start_DMA
                0x0000000008000684      0x1a8 Drivers/STM32F4xx_HAL_Driver/Src/stm32f4xx_hal_adc.o
                0x0000000008000684                HAL_ADC_Start_DMA
 .text.HAL_ADC_ConvCpltCallback
                0x000000000800082c       0x14 Drivers/STM32F4xx_HAL_Driver/Src/stm32f4xx_hal_adc.o
                0x000000000800082c                HAL_ADC_ConvCpltCallback
 .text.HAL_ADC_ConvHalfCpltCallback
                0x0000000008000840       0x14 Drivers/STM32F4xx_HAL_Driver/Src/stm32f4xx_hal_adc.o
                0x0000000008000840                HAL_ADC_ConvHalfCpltCallback
 .text.HAL_ADC_ErrorCallback
                0x0000000008000854       0x14 Drivers/STM32F4xx_HAL_Driver/Src/stm32f4xx_hal_adc.o
                0x0000000008000854                HAL_ADC_ErrorCallback
 .text.HAL_ADC_ConfigChannel
                0x0000000008000868      0x244 Drivers/STM32F4xx_HAL_Driver/Src/stm32f4xx_hal_adc.o
                0x0000000008000868                HAL_ADC_ConfigChannel
 .text.ADC_Init
                0x0000000008000aac      0x1f8 Drivers/STM32F4xx_HAL_Driver/Src/stm32f4xx_hal_adc.o
 .text.ADC_DMAConvCplt
                0x0000000008000ca4       0xba Drivers/STM32F4xx_HAL_Driver/Src/stm32f4xx_hal_adc.o
 .text.ADC_DMAHalfConvCplt
                0x0000000008000d5e       0x1c Drivers/STM32F4xx_HAL_Driver/Src/stm32f4xx_hal_adc.o
 .text.ADC_DMAError
                0x0000000008000d7a       0x2e Drivers/STM32F4xx_HAL_Driver/Src/stm32f4xx_hal_adc.o
 .text.__NVIC_SetPriorityGrouping
                0x0000000008000da8       0x48 Drivers/STM32F4xx_HAL_Driver/Src/stm32f4xx_hal_cortex.o
 .text.__NVIC_GetPriorityGrouping
                0x0000000008000df0       0x1c Drivers/STM32F4xx_HAL_Driver/Src/stm32f4xx_hal_cortex.o
 .text.__NVIC_EnableIRQ
                0x0000000008000e0c       0x3c Drivers/STM32F4xx_HAL_Driver/Src/stm32f4xx_hal_cortex.o
 .text.__NVIC_SetPriority
                0x0000000008000e48       0x54 Drivers/STM32F4xx_HAL_Driver/Src/stm32f4xx_hal_cortex.o
 .text.NVIC_EncodePriority
                0x0000000008000e9c       0x66 Drivers/STM32F4xx_HAL_Driver/Src/stm32f4xx_hal_cortex.o
 *fill*         0x0000000008000f02        0x2 
 .text.SysTick_Config
                0x0000000008000f04       0x44 Drivers/STM32F4xx_HAL_Driver/Src/stm32f4xx_hal_cortex.o
 .text.HAL_NVIC_SetPriorityGrouping
                0x0000000008000f48       0x16 Drivers/STM32F4xx_HAL_Driver/Src/stm32f4xx_hal_cortex.o
                0x0000000008000f48                HAL_NVIC_SetPriorityGrouping
 .text.HAL_NVIC_SetPriority
                0x0000000008000f5e       0x38 Drivers/STM32F4xx_HAL_Driver/Src/stm32f4xx_hal_cortex.o
                0x0000000008000f5e                HAL_NVIC_SetPriority
 .text.HAL_NVIC_EnableIRQ
                0x0000000008000f96       0x1c Drivers/STM32F4xx_HAL_Driver/Src/stm32f4xx_hal_cortex.o
                0x0000000008000f96                HAL_NVIC_EnableIRQ
 .text.HAL_SYSTICK_Config
                0x0000000008000fb2       0x18 Drivers/STM32F4xx_HAL_Driver/Src/stm32f4xx_hal_cortex.o
                0x0000000008000fb2                HAL_SYSTICK_Config
 *fill*         0x0000000008000fca        0x2 
 .text.HAL_DMA_Init
                0x0000000008000fcc      0x15c Drivers/STM32F4xx_HAL_Driver/Src/stm32f4xx_hal_dma.o
                0x0000000008000fcc                HAL_DMA_Init
 .text.HAL_DMA_Start_IT
                0x0000000008001128       0xb0 Drivers/STM32F4xx_HAL_Driver/Src/stm32f4xx_hal_dma.o
                0x0000000008001128                HAL_DMA_Start_IT
 .text.HAL_DMA_IRQHandler
                0x00000000080011d8      0x314 Drivers/STM32F4xx_HAL_Driver/Src/stm32f4xx_hal_dma.o
                0x00000000080011d8                HAL_DMA_IRQHandler
 .text.DMA_SetConfig
                0x00000000080014ec       0x5c Drivers/STM32F4xx_HAL_Driver/Src/stm32f4xx_hal_dma.o
 .text.DMA_CalcBaseAndBitshift
                0x0000000008001548       0x6c Drivers/STM32F4xx_HAL_Driver/Src/stm32f4xx_hal_dma.o
 .text.DMA_CheckFifoParam
                0x00000000080015b4       0xf4 Drivers/STM32F4xx_HAL_Driver/Src/stm32f4xx_hal_dma.o
 .text.HAL_GPIO_Init
                0x00000000080016a8      0x304 Drivers/STM32F4xx_HAL_Driver/Src/stm32f4xx_hal_gpio.o
                0x00000000080016a8                HAL_GPIO_Init
 .text.HAL_GPIO_ReadPin
                0x00000000080019ac       0x30 Drivers/STM32F4xx_HAL_Driver/Src/stm32f4xx_hal_gpio.o
                0x00000000080019ac                HAL_GPIO_ReadPin
 .text.HAL_GPIO_WritePin
                0x00000000080019dc       0x32 Drivers/STM32F4xx_HAL_Driver/Src/stm32f4xx_hal_gpio.o
                0x00000000080019dc                HAL_GPIO_WritePin
 *fill*         0x0000000008001a0e        0x2 
 .text.HAL_I2C_Init
                0x0000000008001a10      0x270 Drivers/STM32F4xx_HAL_Driver/Src/stm32f4xx_hal_i2c.o
                0x0000000008001a10                HAL_I2C_Init
 .text.HAL_I2C_Master_Transmit
                0x0000000008001c80      0x1fc Drivers/STM32F4xx_HAL_Driver/Src/stm32f4xx_hal_i2c.o
                0x0000000008001c80                HAL_I2C_Master_Transmit
 .text.HAL_I2C_Master_Receive
                0x0000000008001e7c      0x44c Drivers/STM32F4xx_HAL_Driver/Src/stm32f4xx_hal_i2c.o
                0x0000000008001e7c                HAL_I2C_Master_Receive
 .text.I2C_MasterRequestWrite
                0x00000000080022c8      0x104 Drivers/STM32F4xx_HAL_Driver/Src/stm32f4xx_hal_i2c.o
 .text.I2C_MasterRequestRead
                0x00000000080023cc      0x19c Drivers/STM32F4xx_HAL_Driver/Src/stm32f4xx_hal_i2c.o
 .text.I2C_WaitOnFlagUntilTimeout
                0x0000000008002568       0xae Drivers/STM32F4xx_HAL_Driver/Src/stm32f4xx_hal_i2c.o
 .text.I2C_WaitOnMasterAddressFlagUntilTimeout
                0x0000000008002616       0xfe Drivers/STM32F4xx_HAL_Driver/Src/stm32f4xx_hal_i2c.o
 .text.I2C_WaitOnTXEFlagUntilTimeout
                0x0000000008002714       0x82 Drivers/STM32F4xx_HAL_Driver/Src/stm32f4xx_hal_i2c.o
 .text.I2C_WaitOnBTFFlagUntilTimeout
                0x0000000008002796       0x82 Drivers/STM32F4xx_HAL_Driver/Src/stm32f4xx_hal_i2c.o
 .text.I2C_WaitOnRXNEFlagUntilTimeout
                0x0000000008002818       0xac Drivers/STM32F4xx_HAL_Driver/Src/stm32f4xx_hal_i2c.o
 .text.I2C_IsAcknowledgeFailed
                0x00000000080028c4       0x5e Drivers/STM32F4xx_HAL_Driver/Src/stm32f4xx_hal_i2c.o
 *fill*         0x0000000008002922        0x2 
 .text.HAL_RCC_OscConfig
                0x0000000008002924      0x4e0 Drivers/STM32F4xx_HAL_Driver/Src/stm32f4xx_hal_rcc.o
                0x0000000008002924                HAL_RCC_OscConfig
 .text.HAL_RCC_ClockConfig
                0x0000000008002e04      0x1cc Drivers/STM32F4xx_HAL_Driver/Src/stm32f4xx_hal_rcc.o
                0x0000000008002e04                HAL_RCC_ClockConfig
 .text.HAL_RCC_GetSysClockFreq
                0x0000000008002fd0      0x164 Drivers/STM32F4xx_HAL_Driver/Src/stm32f4xx_hal_rcc.o
                0x0000000008002fd0                HAL_RCC_GetSysClockFreq
 .text.HAL_RCC_GetHCLKFreq
                0x0000000008003134       0x18 Drivers/STM32F4xx_HAL_Driver/Src/stm32f4xx_hal_rcc.o
                0x0000000008003134                HAL_RCC_GetHCLKFreq
 .text.HAL_RCC_GetPCLK1Freq
                0x000000000800314c       0x28 Drivers/STM32F4xx_HAL_Driver/Src/stm32f4xx_hal_rcc.o
                0x000000000800314c                HAL_RCC_GetPCLK1Freq
 .text.HAL_TIM_PWM_Init
                0x0000000008003174       0x56 Drivers/STM32F4xx_HAL_Driver/Src/stm32f4xx_hal_tim.o
                0x0000000008003174                HAL_TIM_PWM_Init
 *fill*         0x00000000080031ca        0x2 
 .text.HAL_TIM_PWM_Start
                0x00000000080031cc       0x64 Drivers/STM32F4xx_HAL_Driver/Src/stm32f4xx_hal_tim.o
                0x00000000080031cc                HAL_TIM_PWM_Start
 .text.HAL_TIM_Encoder_Init
                0x0000000008003230      0x124 Drivers/STM32F4xx_HAL_Driver/Src/stm32f4xx_hal_tim.o
                0x0000000008003230                HAL_TIM_Encoder_Init
 .text.HAL_TIM_Encoder_Start_IT
                0x0000000008003354       0xae Drivers/STM32F4xx_HAL_Driver/Src/stm32f4xx_hal_tim.o
                0x0000000008003354                HAL_TIM_Encoder_Start_IT
 *fill*         0x0000000008003402        0x2 
 .text.HAL_TIM_PWM_ConfigChannel
                0x0000000008003404      0x18c Drivers/STM32F4xx_HAL_Driver/Src/stm32f4xx_hal_tim.o
                0x0000000008003404                HAL_TIM_PWM_ConfigChannel
 .text.TIM_Base_SetConfig
                0x0000000008003590      0x100 Drivers/STM32F4xx_HAL_Driver/Src/stm32f4xx_hal_tim.o
                0x0000000008003590                TIM_Base_SetConfig
 .text.TIM_OC1_SetConfig
                0x0000000008003690       0xcc Drivers/STM32F4xx_HAL_Driver/Src/stm32f4xx_hal_tim.o
 .text.TIM_OC2_SetConfig
                0x000000000800375c       0xd8 Drivers/STM32F4xx_HAL_Driver/Src/stm32f4xx_hal_tim.o
                0x000000000800375c                TIM_OC2_SetConfig
 .text.TIM_OC3_SetConfig
                0x0000000008003834       0xd4 Drivers/STM32F4xx_HAL_Driver/Src/stm32f4xx_hal_tim.o
 .text.TIM_OC4_SetConfig
                0x0000000008003908       0xa0 Drivers/STM32F4xx_HAL_Driver/Src/stm32f4xx_hal_tim.o
 .text.TIM_CCxChannelCmd
                0x00000000080039a8       0x4a Drivers/STM32F4xx_HAL_Driver/Src/stm32f4xx_hal_tim.o
                0x00000000080039a8                TIM_CCxChannelCmd
 *fill*         0x00000000080039f2        0x2 
 .text.HAL_TIMEx_MasterConfigSynchronization
                0x00000000080039f4       0xdc Drivers/STM32F4xx_HAL_Driver/Src/stm32f4xx_hal_tim_ex.o
                0x00000000080039f4                HAL_TIMEx_MasterConfigSynchronization
 .text.VL53L0X_GetOffsetCalibrationDataMicroMeter
                0x0000000008003ad0       0x26 Drivers/VL53L0X/core/src/vl53l0x_api.o
                0x0000000008003ad0                VL53L0X_GetOffsetCalibrationDataMicroMeter
 .text.VL53L0X_SetDeviceAddress
                0x0000000008003af6       0x30 Drivers/VL53L0X/core/src/vl53l0x_api.o
                0x0000000008003af6                VL53L0X_SetDeviceAddress
 *fill*         0x0000000008003b26        0x2 
 .text.VL53L0X_DataInit
                0x0000000008003b28      0x2c8 Drivers/VL53L0X/core/src/vl53l0x_api.o
                0x0000000008003b28                VL53L0X_DataInit
 .text.VL53L0X_StaticInit
                0x0000000008003df0      0x304 Drivers/VL53L0X/core/src/vl53l0x_api.o
                0x0000000008003df0                VL53L0X_StaticInit
 .text.VL53L0X_WaitDeviceBooted
                0x00000000080040f4       0x1c Drivers/VL53L0X/core/src/vl53l0x_api.o
                0x00000000080040f4                VL53L0X_WaitDeviceBooted
 .text.VL53L0X_GetDeviceParameters
                0x0000000008004110      0x120 Drivers/VL53L0X/core/src/vl53l0x_api.o
                0x0000000008004110                VL53L0X_GetDeviceParameters
 .text.VL53L0X_SetDeviceMode
                0x0000000008004230       0x90 Drivers/VL53L0X/core/src/vl53l0x_api.o
                0x0000000008004230                VL53L0X_SetDeviceMode
 .text.VL53L0X_GetDeviceMode
                0x00000000080042c0       0x26 Drivers/VL53L0X/core/src/vl53l0x_api.o
                0x00000000080042c0                VL53L0X_GetDeviceMode
 .text.VL53L0X_GetFractionEnable
                0x00000000080042e6       0x3e Drivers/VL53L0X/core/src/vl53l0x_api.o
                0x00000000080042e6                VL53L0X_GetFractionEnable
 .text.VL53L0X_SetMeasurementTimingBudgetMicroSeconds
                0x0000000008004324       0x26 Drivers/VL53L0X/core/src/vl53l0x_api.o
                0x0000000008004324                VL53L0X_SetMeasurementTimingBudgetMicroSeconds
 .text.VL53L0X_GetMeasurementTimingBudgetMicroSeconds
                0x000000000800434a       0x26 Drivers/VL53L0X/core/src/vl53l0x_api.o
                0x000000000800434a                VL53L0X_GetMeasurementTimingBudgetMicroSeconds
 .text.VL53L0X_GetVcselPulsePeriod
                0x0000000008004370       0x2e Drivers/VL53L0X/core/src/vl53l0x_api.o
                0x0000000008004370                VL53L0X_GetVcselPulsePeriod
 *fill*         0x000000000800439e        0x2 
 .text.VL53L0X_SetSequenceStepEnable
                0x00000000080043a0      0x144 Drivers/VL53L0X/core/src/vl53l0x_api.o
                0x00000000080043a0                VL53L0X_SetSequenceStepEnable
 .text.sequence_step_enabled
                0x00000000080044e4       0xa4 Drivers/VL53L0X/core/src/vl53l0x_api.o
                0x00000000080044e4                sequence_step_enabled
 .text.VL53L0X_GetSequenceStepEnables
                0x0000000008004588       0xb0 Drivers/VL53L0X/core/src/vl53l0x_api.o
                0x0000000008004588                VL53L0X_GetSequenceStepEnables
 .text.VL53L0X_GetInterMeasurementPeriodMilliSeconds
                0x0000000008004638       0x68 Drivers/VL53L0X/core/src/vl53l0x_api.o
                0x0000000008004638                VL53L0X_GetInterMeasurementPeriodMilliSeconds
 .text.VL53L0X_GetXTalkCompensationEnable
                0x00000000080046a0       0x2a Drivers/VL53L0X/core/src/vl53l0x_api.o
                0x00000000080046a0                VL53L0X_GetXTalkCompensationEnable
 .text.VL53L0X_GetXTalkCompensationRateMegaCps
                0x00000000080046ca       0x66 Drivers/VL53L0X/core/src/vl53l0x_api.o
                0x00000000080046ca                VL53L0X_GetXTalkCompensationRateMegaCps
 .text.VL53L0X_SetLimitCheckEnable
                0x0000000008004730      0x118 Drivers/VL53L0X/core/src/vl53l0x_api.o
                0x0000000008004730                VL53L0X_SetLimitCheckEnable
 .text.VL53L0X_GetLimitCheckEnable
                0x0000000008004848       0x46 Drivers/VL53L0X/core/src/vl53l0x_api.o
                0x0000000008004848                VL53L0X_GetLimitCheckEnable
 *fill*         0x000000000800488e        0x2 
 .text.VL53L0X_SetLimitCheckValue
                0x0000000008004890       0xc4 Drivers/VL53L0X/core/src/vl53l0x_api.o
                0x0000000008004890                VL53L0X_SetLimitCheckValue
 .text.VL53L0X_GetLimitCheckValue
                0x0000000008004954      0x11c Drivers/VL53L0X/core/src/vl53l0x_api.o
                0x0000000008004954                VL53L0X_GetLimitCheckValue
 .text.VL53L0X_GetWrapAroundCheckEnable
                0x0000000008004a70       0x64 Drivers/VL53L0X/core/src/vl53l0x_api.o
                0x0000000008004a70                VL53L0X_GetWrapAroundCheckEnable
 .text.VL53L0X_PerformSingleMeasurement
                0x0000000008004ad4       0x68 Drivers/VL53L0X/core/src/vl53l0x_api.o
                0x0000000008004ad4                VL53L0X_PerformSingleMeasurement
 .text.VL53L0X_PerformRefCalibration
                0x0000000008004b3c       0x2c Drivers/VL53L0X/core/src/vl53l0x_api.o
                0x0000000008004b3c                VL53L0X_PerformRefCalibration
 .text.VL53L0X_CheckAndLoadInterruptSettings
                0x0000000008004b68       0xcc Drivers/VL53L0X/core/src/vl53l0x_api.o
                0x0000000008004b68                VL53L0X_CheckAndLoadInterruptSettings
 .text.VL53L0X_StartMeasurement
                0x0000000008004c34      0x17e Drivers/VL53L0X/core/src/vl53l0x_api.o
                0x0000000008004c34                VL53L0X_StartMeasurement
 .text.VL53L0X_GetMeasurementDataReady
                0x0000000008004db2       0x80 Drivers/VL53L0X/core/src/vl53l0x_api.o
                0x0000000008004db2                VL53L0X_GetMeasurementDataReady
 *fill*         0x0000000008004e32        0x2 
 .text.VL53L0X_GetRangingMeasurementData
                0x0000000008004e34      0x24c Drivers/VL53L0X/core/src/vl53l0x_api.o
                0x0000000008004e34                VL53L0X_GetRangingMeasurementData
 .text.VL53L0X_PerformSingleRangingMeasurement
                0x0000000008005080       0x60 Drivers/VL53L0X/core/src/vl53l0x_api.o
                0x0000000008005080                VL53L0X_PerformSingleRangingMeasurement
 .text.VL53L0X_SetGpioConfig
                0x00000000080050e0      0x248 Drivers/VL53L0X/core/src/vl53l0x_api.o
                0x00000000080050e0                VL53L0X_SetGpioConfig
 .text.VL53L0X_GetInterruptThresholds
                0x0000000008005328       0x6c Drivers/VL53L0X/core/src/vl53l0x_api.o
                0x0000000008005328                VL53L0X_GetInterruptThresholds
 .text.VL53L0X_ClearInterruptMask
                0x0000000008005394       0x80 Drivers/VL53L0X/core/src/vl53l0x_api.o
                0x0000000008005394                VL53L0X_ClearInterruptMask
 .text.VL53L0X_GetInterruptMaskStatus
                0x0000000008005414       0x44 Drivers/VL53L0X/core/src/vl53l0x_api.o
                0x0000000008005414                VL53L0X_GetInterruptMaskStatus
 .text.VL53L0X_PerformRefSpadManagement
                0x0000000008005458       0x2a Drivers/VL53L0X/core/src/vl53l0x_api.o
                0x0000000008005458                VL53L0X_PerformRefSpadManagement
 .text.VL53L0X_get_offset_calibration_data_micro_meter
                0x0000000008005482       0x7e Drivers/VL53L0X/core/src/vl53l0x_api_calibration.o
                0x0000000008005482                VL53L0X_get_offset_calibration_data_micro_meter
 .text.get_next_good_spad
                0x0000000008005500       0xbc Drivers/VL53L0X/core/src/vl53l0x_api_calibration.o
                0x0000000008005500                get_next_good_spad
 .text.is_aperture
                0x00000000080055bc       0x34 Drivers/VL53L0X/core/src/vl53l0x_api_calibration.o
                0x00000000080055bc                is_aperture
 .text.enable_spad_bit
                0x00000000080055f0       0x70 Drivers/VL53L0X/core/src/vl53l0x_api_calibration.o
                0x00000000080055f0                enable_spad_bit
 .text.set_ref_spad_map
                0x0000000008005660       0x26 Drivers/VL53L0X/core/src/vl53l0x_api_calibration.o
                0x0000000008005660                set_ref_spad_map
 .text.get_ref_spad_map
                0x0000000008005686       0x26 Drivers/VL53L0X/core/src/vl53l0x_api_calibration.o
                0x0000000008005686                get_ref_spad_map
 .text.enable_ref_spads
                0x00000000080056ac       0xf8 Drivers/VL53L0X/core/src/vl53l0x_api_calibration.o
                0x00000000080056ac                enable_ref_spads
 .text.perform_ref_signal_measurement
                0x00000000080057a4       0xd4 Drivers/VL53L0X/core/src/vl53l0x_api_calibration.o
                0x00000000080057a4                perform_ref_signal_measurement
 .text.VL53L0X_perform_ref_spad_management
                0x0000000008005878      0x418 Drivers/VL53L0X/core/src/vl53l0x_api_calibration.o
                0x0000000008005878                VL53L0X_perform_ref_spad_management
 .text.VL53L0X_set_reference_spads
                0x0000000008005c90      0x14a Drivers/VL53L0X/core/src/vl53l0x_api_calibration.o
                0x0000000008005c90                VL53L0X_set_reference_spads
 .text.VL53L0X_perform_single_ref_calibration
                0x0000000008005dda       0x76 Drivers/VL53L0X/core/src/vl53l0x_api_calibration.o
                0x0000000008005dda                VL53L0X_perform_single_ref_calibration
 .text.VL53L0X_ref_calibration_io
                0x0000000008005e50      0x132 Drivers/VL53L0X/core/src/vl53l0x_api_calibration.o
                0x0000000008005e50                VL53L0X_ref_calibration_io
 .text.VL53L0X_perform_vhv_calibration
                0x0000000008005f82       0xce Drivers/VL53L0X/core/src/vl53l0x_api_calibration.o
                0x0000000008005f82                VL53L0X_perform_vhv_calibration
 .text.VL53L0X_perform_phase_calibration
                0x0000000008006050       0xca Drivers/VL53L0X/core/src/vl53l0x_api_calibration.o
                0x0000000008006050                VL53L0X_perform_phase_calibration
 .text.VL53L0X_perform_ref_calibration
                0x000000000800611a       0x7a Drivers/VL53L0X/core/src/vl53l0x_api_calibration.o
                0x000000000800611a                VL53L0X_perform_ref_calibration
 .text.VL53L0X_measurement_poll_for_completion
                0x0000000008006194       0x60 Drivers/VL53L0X/core/src/vl53l0x_api_core.o
                0x0000000008006194                VL53L0X_measurement_poll_for_completion
 .text.VL53L0X_decode_vcsel_period
                0x00000000080061f4       0x26 Drivers/VL53L0X/core/src/vl53l0x_api_core.o
                0x00000000080061f4                VL53L0X_decode_vcsel_period
 .text.VL53L0X_isqrt
                0x000000000800621a       0x68 Drivers/VL53L0X/core/src/vl53l0x_api_core.o
                0x000000000800621a                VL53L0X_isqrt
 .text.VL53L0X_device_read_strobe
                0x0000000008006282       0x86 Drivers/VL53L0X/core/src/vl53l0x_api_core.o
                0x0000000008006282                VL53L0X_device_read_strobe
 .text.VL53L0X_get_info_from_device
                0x0000000008006308      0x99a Drivers/VL53L0X/core/src/vl53l0x_api_core.o
                0x0000000008006308                VL53L0X_get_info_from_device
 .text.VL53L0X_calc_macro_period_ps
                0x0000000008006ca2       0x3a Drivers/VL53L0X/core/src/vl53l0x_api_core.o
                0x0000000008006ca2                VL53L0X_calc_macro_period_ps
 .text.VL53L0X_encode_timeout
                0x0000000008006cdc       0x58 Drivers/VL53L0X/core/src/vl53l0x_api_core.o
                0x0000000008006cdc                VL53L0X_encode_timeout
 .text.VL53L0X_decode_timeout
                0x0000000008006d34       0x2c Drivers/VL53L0X/core/src/vl53l0x_api_core.o
                0x0000000008006d34                VL53L0X_decode_timeout
 .text.VL53L0X_calc_timeout_mclks
                0x0000000008006d60       0x54 Drivers/VL53L0X/core/src/vl53l0x_api_core.o
                0x0000000008006d60                VL53L0X_calc_timeout_mclks
 .text.VL53L0X_calc_timeout_us
                0x0000000008006db4       0x54 Drivers/VL53L0X/core/src/vl53l0x_api_core.o
                0x0000000008006db4                VL53L0X_calc_timeout_us
 .text.get_sequence_step_timeout
                0x0000000008006e08      0x1c2 Drivers/VL53L0X/core/src/vl53l0x_api_core.o
                0x0000000008006e08                get_sequence_step_timeout
 .text.set_sequence_step_timeout
                0x0000000008006fca      0x1e4 Drivers/VL53L0X/core/src/vl53l0x_api_core.o
                0x0000000008006fca                set_sequence_step_timeout
 .text.VL53L0X_get_vcsel_pulse_period
                0x00000000080071ae       0x6e Drivers/VL53L0X/core/src/vl53l0x_api_core.o
                0x00000000080071ae                VL53L0X_get_vcsel_pulse_period
 .text.VL53L0X_set_measurement_timing_budget_micro_seconds
                0x000000000800721c      0x1c0 Drivers/VL53L0X/core/src/vl53l0x_api_core.o
                0x000000000800721c                VL53L0X_set_measurement_timing_budget_micro_seconds
 .text.VL53L0X_get_measurement_timing_budget_micro_seconds
                0x00000000080073dc      0x162 Drivers/VL53L0X/core/src/vl53l0x_api_core.o
                0x00000000080073dc                VL53L0X_get_measurement_timing_budget_micro_seconds
 *fill*         0x000000000800753e        0x2 
 .text.VL53L0X_load_tuning_settings
                0x0000000008007540      0x1c4 Drivers/VL53L0X/core/src/vl53l0x_api_core.o
                0x0000000008007540                VL53L0X_load_tuning_settings
 .text.VL53L0X_get_total_xtalk_rate
                0x0000000008007704       0x5e Drivers/VL53L0X/core/src/vl53l0x_api_core.o
                0x0000000008007704                VL53L0X_get_total_xtalk_rate
 .text.VL53L0X_get_total_signal_rate
                0x0000000008007762       0x4a Drivers/VL53L0X/core/src/vl53l0x_api_core.o
                0x0000000008007762                VL53L0X_get_total_signal_rate
 .text.VL53L0X_calc_dmax
                0x00000000080077ac      0x240 Drivers/VL53L0X/core/src/vl53l0x_api_core.o
                0x00000000080077ac                VL53L0X_calc_dmax
 .text.VL53L0X_calc_sigma_estimate
                0x00000000080079ec      0x4a4 Drivers/VL53L0X/core/src/vl53l0x_api_core.o
                0x00000000080079ec                VL53L0X_calc_sigma_estimate
 .text.VL53L0X_get_pal_range_status
                0x0000000008007e90      0x3b6 Drivers/VL53L0X/core/src/vl53l0x_api_core.o
                0x0000000008007e90                VL53L0X_get_pal_range_status
 .text._I2CWrite
                0x0000000008008246       0x3e Drivers/VL53L0X/platform/src/vl53l0x_platform.o
                0x0000000008008246                _I2CWrite
 .text._I2CRead
                0x0000000008008284       0x44 Drivers/VL53L0X/platform/src/vl53l0x_platform.o
                0x0000000008008284                _I2CRead
 .text.VL53L0X_WriteMulti
                0x00000000080082c8       0x60 Drivers/VL53L0X/platform/src/vl53l0x_platform.o
                0x00000000080082c8                VL53L0X_WriteMulti
 .text.VL53L0X_ReadMulti
                0x0000000008008328       0x56 Drivers/VL53L0X/platform/src/vl53l0x_platform.o
                0x0000000008008328                VL53L0X_ReadMulti
 *fill*         0x000000000800837e        0x2 
 .text.VL53L0X_WrByte
                0x0000000008008380       0x48 Drivers/VL53L0X/platform/src/vl53l0x_platform.o
                0x0000000008008380                VL53L0X_WrByte
 .text.VL53L0X_WrWord
                0x00000000080083c8       0x54 Drivers/VL53L0X/platform/src/vl53l0x_platform.o
                0x00000000080083c8                VL53L0X_WrWord
 .text.VL53L0X_UpdateByte
                0x000000000800841c       0x68 Drivers/VL53L0X/platform/src/vl53l0x_platform.o
                0x000000000800841c                VL53L0X_UpdateByte
 .text.VL53L0X_RdByte
                0x0000000008008484       0x54 Drivers/VL53L0X/platform/src/vl53l0x_platform.o
                0x0000000008008484                VL53L0X_RdByte
 .text.VL53L0X_RdWord
                0x00000000080084d8       0x70 Drivers/VL53L0X/platform/src/vl53l0x_platform.o
                0x00000000080084d8                VL53L0X_RdWord
 .text.VL53L0X_RdDWord
                0x0000000008008548       0x78 Drivers/VL53L0X/platform/src/vl53l0x_platform.o
                0x0000000008008548                VL53L0X_RdDWord
 .text.VL53L0X_PollingDelay
                0x00000000080085c0       0x1e Drivers/VL53L0X/platform/src/vl53l0x_platform.o
                0x00000000080085c0                VL53L0X_PollingDelay
 *fill*         0x00000000080085de        0x2 
 .text.MX_ADC1_Init
                0x00000000080085e0       0xc0 Src/adc.o
                0x00000000080085e0                MX_ADC1_Init
 .text.HAL_ADC_MspInit
                0x00000000080086a0       0xf0 Src/adc.o
                0x00000000080086a0                HAL_ADC_MspInit
 .text.MX_DMA_Init
                0x0000000008008790       0x40 Src/dma.o
                0x0000000008008790                MX_DMA_Init
 .text.MX_GPIO_Init
                0x00000000080087d0      0x130 Src/gpio.o
                0x00000000080087d0                MX_GPIO_Init
 .text.MX_I2C1_Init
                0x0000000008008900       0x5c Src/i2c.o
                0x0000000008008900                MX_I2C1_Init
 .text.HAL_I2C_MspInit
                0x000000000800895c       0x90 Src/i2c.o
                0x000000000800895c                HAL_I2C_MspInit
 .text.main     0x00000000080089ec      0x318 Src/main.o
                0x00000000080089ec                main
 .text.SystemClock_Config
                0x0000000008008d04       0xd4 Src/main.o
                0x0000000008008d04                SystemClock_Config
 .text.config   0x0000000008008dd8       0x74 Src/main.o
                0x0000000008008dd8                config
 .text.LS_tyl   0x0000000008008e4c       0x20 Src/main.o
                0x0000000008008e4c                LS_tyl
 .text.LS_przod
                0x0000000008008e6c       0x20 Src/main.o
                0x0000000008008e6c                LS_przod
 .text.LS_stop  0x0000000008008e8c       0x20 Src/main.o
                0x0000000008008e8c                LS_stop
 .text.PS_tyl   0x0000000008008eac       0x20 Src/main.o
                0x0000000008008eac                PS_tyl
 .text.PS_przod
                0x0000000008008ecc       0x20 Src/main.o
                0x0000000008008ecc                PS_przod
 .text.PS_stop  0x0000000008008eec       0x20 Src/main.o
                0x0000000008008eec                PS_stop
 .text.przod    0x0000000008008f0c       0x10 Src/main.o
                0x0000000008008f0c                przod
 .text.tyl      0x0000000008008f1c       0x10 Src/main.o
                0x0000000008008f1c                tyl
 .text.stoj     0x0000000008008f2c       0x10 Src/main.o
                0x0000000008008f2c                stoj
 .text.lewy     0x0000000008008f3c       0x10 Src/main.o
                0x0000000008008f3c                lewy
 .text.led      0x0000000008008f4c       0xc0 Src/main.o
                0x0000000008008f4c                led
 .text.wybor    0x000000000800900c       0x6c Src/main.o
                0x000000000800900c                wybor
 .text.zerujE   0x0000000008009078       0x24 Src/main.o
                0x0000000008009078                zerujE
 .text.taktyka3
                0x000000000800909c       0xb0 Src/main.o
                0x000000000800909c                taktyka3
 .text.Error_Handler
                0x000000000800914c        0xe Src/main.o
                0x000000000800914c                Error_Handler
 *fill*         0x000000000800915a        0x2 
 .text.HAL_MspInit
                0x000000000800915c       0x50 Src/stm32f4xx_hal_msp.o
                0x000000000800915c                HAL_MspInit
 .text.NMI_Handler
                0x00000000080091ac        0xe Src/stm32f4xx_it.o
                0x00000000080091ac                NMI_Handler
 .text.HardFault_Handler
                0x00000000080091ba        0x6 Src/stm32f4xx_it.o
                0x00000000080091ba                HardFault_Handler
 .text.MemManage_Handler
                0x00000000080091c0        0x6 Src/stm32f4xx_it.o
                0x00000000080091c0                MemManage_Handler
 .text.BusFault_Handler
                0x00000000080091c6        0x6 Src/stm32f4xx_it.o
                0x00000000080091c6                BusFault_Handler
 .text.UsageFault_Handler
                0x00000000080091cc        0x6 Src/stm32f4xx_it.o
                0x00000000080091cc                UsageFault_Handler
 .text.SVC_Handler
                0x00000000080091d2        0xe Src/stm32f4xx_it.o
                0x00000000080091d2                SVC_Handler
 .text.DebugMon_Handler
                0x00000000080091e0        0xe Src/stm32f4xx_it.o
                0x00000000080091e0                DebugMon_Handler
 .text.PendSV_Handler
                0x00000000080091ee        0xe Src/stm32f4xx_it.o
                0x00000000080091ee                PendSV_Handler
 .text.SysTick_Handler
                0x00000000080091fc      0x1bc Src/stm32f4xx_it.o
                0x00000000080091fc                SysTick_Handler
 .text.DMA2_Stream0_IRQHandler
                0x00000000080093b8       0x14 Src/stm32f4xx_it.o
                0x00000000080093b8                DMA2_Stream0_IRQHandler
 .text.SystemInit
                0x00000000080093cc       0x2c Src/system_stm32f4xx.o
                0x00000000080093cc                SystemInit
 .text.MX_TIM1_Init
                0x00000000080093f8       0xb0 Src/tim.o
                0x00000000080093f8                MX_TIM1_Init
 .text.MX_TIM2_Init
                0x00000000080094a8       0xa8 Src/tim.o
                0x00000000080094a8                MX_TIM2_Init
 .text.MX_TIM3_Init
                0x0000000008009550       0xc8 Src/tim.o
                0x0000000008009550                MX_TIM3_Init
 .text.HAL_TIM_Encoder_MspInit
                0x0000000008009618       0xf4 Src/tim.o
                0x0000000008009618                HAL_TIM_Encoder_MspInit
 .text.HAL_TIM_PWM_MspInit
                0x000000000800970c       0x44 Src/tim.o
                0x000000000800970c                HAL_TIM_PWM_MspInit
 .text.HAL_TIM_MspPostInit
                0x0000000008009750       0x74 Src/tim.o
                0x0000000008009750                HAL_TIM_MspPostInit
 .text.Reset_Handler
                0x00000000080097c4       0x50 Startup/startup_stm32f401rctx.o
                0x00000000080097c4                Reset_Handler
 .text.Default_Handler
                0x0000000008009814        0x2 Startup/startup_stm32f401rctx.o
                0x0000000008009814                RTC_Alarm_IRQHandler
                0x0000000008009814                EXTI2_IRQHandler
                0x0000000008009814                SPI4_IRQHandler
                0x0000000008009814                TIM1_CC_IRQHandler
                0x0000000008009814                DMA2_Stream5_IRQHandler
                0x0000000008009814                DMA1_Stream5_IRQHandler
                0x0000000008009814                PVD_IRQHandler
                0x0000000008009814                SDIO_IRQHandler
                0x0000000008009814                TAMP_STAMP_IRQHandler
                0x0000000008009814                EXTI3_IRQHandler
                0x0000000008009814                TIM1_UP_TIM10_IRQHandler
                0x0000000008009814                I2C3_ER_IRQHandler
                0x0000000008009814                EXTI0_IRQHandler
                0x0000000008009814                I2C2_EV_IRQHandler
                0x0000000008009814                DMA1_Stream2_IRQHandler
                0x0000000008009814                FPU_IRQHandler
                0x0000000008009814                DMA2_Stream2_IRQHandler
                0x0000000008009814                SPI1_IRQHandler
                0x0000000008009814                TIM1_BRK_TIM9_IRQHandler
                0x0000000008009814                DMA2_Stream3_IRQHandler
                0x0000000008009814                USART6_IRQHandler
                0x0000000008009814                TIM4_IRQHandler
                0x0000000008009814                I2C1_EV_IRQHandler
                0x0000000008009814                DMA1_Stream6_IRQHandler
                0x0000000008009814                DMA1_Stream1_IRQHandler
                0x0000000008009814                TIM3_IRQHandler
                0x0000000008009814                RCC_IRQHandler
                0x0000000008009814                Default_Handler
                0x0000000008009814                EXTI15_10_IRQHandler
                0x0000000008009814                ADC_IRQHandler
                0x0000000008009814                DMA1_Stream7_IRQHandler
                0x0000000008009814                TIM5_IRQHandler
                0x0000000008009814                DMA2_Stream7_IRQHandler
                0x0000000008009814                I2C3_EV_IRQHandler
                0x0000000008009814                EXTI9_5_IRQHandler
                0x0000000008009814                RTC_WKUP_IRQHandler
                0x0000000008009814                SPI2_IRQHandler
                0x0000000008009814                DMA1_Stream0_IRQHandler
                0x0000000008009814                EXTI4_IRQHandler
                0x0000000008009814                WWDG_IRQHandler
                0x0000000008009814                TIM2_IRQHandler
                0x0000000008009814                OTG_FS_WKUP_IRQHandler
                0x0000000008009814                TIM1_TRG_COM_TIM11_IRQHandler
                0x0000000008009814                EXTI1_IRQHandler
                0x0000000008009814                USART2_IRQHandler
                0x0000000008009814                I2C2_ER_IRQHandler
                0x0000000008009814                DMA2_Stream1_IRQHandler
                0x0000000008009814                FLASH_IRQHandler
                0x0000000008009814                DMA2_Stream4_IRQHandler
                0x0000000008009814                USART1_IRQHandler
                0x0000000008009814                OTG_FS_IRQHandler
                0x0000000008009814                SPI3_IRQHandler
                0x0000000008009814                DMA1_Stream4_IRQHandler
                0x0000000008009814                I2C1_ER_IRQHandler
                0x0000000008009814                DMA2_Stream6_IRQHandler
                0x0000000008009814                DMA1_Stream3_IRQHandler
 *fill*         0x0000000008009816        0x2 
 .text.__libc_init_array
                0x0000000008009818       0x48 c:/st/stm32cubeide_1.3.0/stm32cubeide/plugins/com.st.stm32cube.ide.mcu.externaltools.gnu-tools-for-stm32.7-2018-q2-update.win32_1.5.0.202011040924/tools/bin/../lib/gcc/arm-none-eabi/7.3.1/../../../../arm-none-eabi/lib/thumb/v7e-m/fpv4-sp/hard\libc_nano.a(lib_a-init.o)
                0x0000000008009818                __libc_init_array
 .text.memcpy   0x0000000008009860       0x16 c:/st/stm32cubeide_1.3.0/stm32cubeide/plugins/com.st.stm32cube.ide.mcu.externaltools.gnu-tools-for-stm32.7-2018-q2-update.win32_1.5.0.202011040924/tools/bin/../lib/gcc/arm-none-eabi/7.3.1/../../../../arm-none-eabi/lib/thumb/v7e-m/fpv4-sp/hard\libc_nano.a(lib_a-memcpy-stub.o)
                0x0000000008009860                memcpy
 .text.memset   0x0000000008009876       0x10 c:/st/stm32cubeide_1.3.0/stm32cubeide/plugins/com.st.stm32cube.ide.mcu.externaltools.gnu-tools-for-stm32.7-2018-q2-update.win32_1.5.0.202011040924/tools/bin/../lib/gcc/arm-none-eabi/7.3.1/../../../../arm-none-eabi/lib/thumb/v7e-m/fpv4-sp/hard\libc_nano.a(lib_a-memset.o)
                0x0000000008009876                memset
 .text.strcpy   0x0000000008009886       0x10 c:/st/stm32cubeide_1.3.0/stm32cubeide/plugins/com.st.stm32cube.ide.mcu.externaltools.gnu-tools-for-stm32.7-2018-q2-update.win32_1.5.0.202011040924/tools/bin/../lib/gcc/arm-none-eabi/7.3.1/../../../../arm-none-eabi/lib/thumb/v7e-m/fpv4-sp/hard\libc_nano.a(lib_a-strcpy.o)
                0x0000000008009886                strcpy
 *(.glue_7)
 .glue_7        0x0000000008009896        0x0 linker stubs
 *(.glue_7t)
 .glue_7t       0x0000000008009896        0x0 linker stubs
 *(.eh_frame)
 *fill*         0x0000000008009896        0x2 
 .eh_frame      0x0000000008009898        0x0 c:/st/stm32cubeide_1.3.0/stm32cubeide/plugins/com.st.stm32cube.ide.mcu.externaltools.gnu-tools-for-stm32.7-2018-q2-update.win32_1.5.0.202011040924/tools/bin/../lib/gcc/arm-none-eabi/7.3.1/thumb/v7e-m/fpv4-sp/hard/crtbegin.o
 *(.init)
 .init          0x0000000008009898        0x4 c:/st/stm32cubeide_1.3.0/stm32cubeide/plugins/com.st.stm32cube.ide.mcu.externaltools.gnu-tools-for-stm32.7-2018-q2-update.win32_1.5.0.202011040924/tools/bin/../lib/gcc/arm-none-eabi/7.3.1/thumb/v7e-m/fpv4-sp/hard/crti.o
                0x0000000008009898                _init
 .init          0x000000000800989c        0x8 c:/st/stm32cubeide_1.3.0/stm32cubeide/plugins/com.st.stm32cube.ide.mcu.externaltools.gnu-tools-for-stm32.7-2018-q2-update.win32_1.5.0.202011040924/tools/bin/../lib/gcc/arm-none-eabi/7.3.1/thumb/v7e-m/fpv4-sp/hard/crtn.o
 *(.fini)
 .fini          0x00000000080098a4        0x4 c:/st/stm32cubeide_1.3.0/stm32cubeide/plugins/com.st.stm32cube.ide.mcu.externaltools.gnu-tools-for-stm32.7-2018-q2-update.win32_1.5.0.202011040924/tools/bin/../lib/gcc/arm-none-eabi/7.3.1/thumb/v7e-m/fpv4-sp/hard/crti.o
                0x00000000080098a4                _fini
 .fini          0x00000000080098a8        0x8 c:/st/stm32cubeide_1.3.0/stm32cubeide/plugins/com.st.stm32cube.ide.mcu.externaltools.gnu-tools-for-stm32.7-2018-q2-update.win32_1.5.0.202011040924/tools/bin/../lib/gcc/arm-none-eabi/7.3.1/thumb/v7e-m/fpv4-sp/hard/crtn.o
                0x00000000080098b0                . = ALIGN (0x4)
                0x00000000080098b0                _etext = .

.vfp11_veneer   0x00000000080098b0        0x0
 .vfp11_veneer  0x00000000080098b0        0x0 linker stubs

.v4_bx          0x00000000080098b0        0x0
 .v4_bx         0x00000000080098b0        0x0 linker stubs

.iplt           0x00000000080098b0        0x0
 .iplt          0x00000000080098b0        0x0 c:/st/stm32cubeide_1.3.0/stm32cubeide/plugins/com.st.stm32cube.ide.mcu.externaltools.gnu-tools-for-stm32.7-2018-q2-update.win32_1.5.0.202011040924/tools/bin/../lib/gcc/arm-none-eabi/7.3.1/thumb/v7e-m/fpv4-sp/hard/crtbegin.o

.rodata         0x00000000080098b0       0x20
                0x00000000080098b0                . = ALIGN (0x4)
 *(.rodata)
 *(.rodata*)
 .rodata.flagBitshiftOffset.8205
                0x00000000080098b0        0x8 Drivers/STM32F4xx_HAL_Driver/Src/stm32f4xx_hal_dma.o
 .rodata.AHBPrescTable
                0x00000000080098b8       0x10 Src/system_stm32f4xx.o
                0x00000000080098b8                AHBPrescTable
 .rodata.APBPrescTable
                0x00000000080098c8        0x8 Src/system_stm32f4xx.o
                0x00000000080098c8                APBPrescTable
                0x00000000080098d0                . = ALIGN (0x4)

.ARM.extab      0x00000000080098d0        0x0
                0x00000000080098d0                . = ALIGN (0x4)
 *(.ARM.extab* .gnu.linkonce.armextab.*)
                0x00000000080098d0                . = ALIGN (0x4)

.ARM            0x00000000080098d0        0x8
                0x00000000080098d0                . = ALIGN (0x4)
                0x00000000080098d0                __exidx_start = .
 *(.ARM.exidx*)
 .ARM.exidx     0x00000000080098d0        0x8 c:/st/stm32cubeide_1.3.0/stm32cubeide/plugins/com.st.stm32cube.ide.mcu.externaltools.gnu-tools-for-stm32.7-2018-q2-update.win32_1.5.0.202011040924/tools/bin/../lib/gcc/arm-none-eabi/7.3.1/thumb/v7e-m/fpv4-sp/hard\libgcc.a(_udivmoddi4.o)
                0x00000000080098d8                __exidx_end = .
                0x00000000080098d8                . = ALIGN (0x4)

.rel.dyn        0x00000000080098d8        0x0
 .rel.iplt      0x00000000080098d8        0x0 c:/st/stm32cubeide_1.3.0/stm32cubeide/plugins/com.st.stm32cube.ide.mcu.externaltools.gnu-tools-for-stm32.7-2018-q2-update.win32_1.5.0.202011040924/tools/bin/../lib/gcc/arm-none-eabi/7.3.1/thumb/v7e-m/fpv4-sp/hard/crtbegin.o

.preinit_array  0x00000000080098d8        0x0
                0x00000000080098d8                . = ALIGN (0x4)
                0x00000000080098d8                PROVIDE (__preinit_array_start = .)
 *(.preinit_array*)
                0x00000000080098d8                PROVIDE (__preinit_array_end = .)
                0x00000000080098d8                . = ALIGN (0x4)

.init_array     0x00000000080098d8        0x4
                0x00000000080098d8                . = ALIGN (0x4)
                0x00000000080098d8                PROVIDE (__init_array_start = .)
 *(SORT_BY_NAME(.init_array.*))
 *(.init_array*)
 .init_array    0x00000000080098d8        0x4 c:/st/stm32cubeide_1.3.0/stm32cubeide/plugins/com.st.stm32cube.ide.mcu.externaltools.gnu-tools-for-stm32.7-2018-q2-update.win32_1.5.0.202011040924/tools/bin/../lib/gcc/arm-none-eabi/7.3.1/thumb/v7e-m/fpv4-sp/hard/crtbegin.o
                0x00000000080098dc                PROVIDE (__init_array_end = .)
                0x00000000080098dc                . = ALIGN (0x4)

.fini_array     0x00000000080098dc        0x4
                0x00000000080098dc                . = ALIGN (0x4)
                [!provide]                        PROVIDE (__fini_array_start = .)
 *(SORT_BY_NAME(.fini_array.*))
 *(.fini_array*)
 .fini_array    0x00000000080098dc        0x4 c:/st/stm32cubeide_1.3.0/stm32cubeide/plugins/com.st.stm32cube.ide.mcu.externaltools.gnu-tools-for-stm32.7-2018-q2-update.win32_1.5.0.202011040924/tools/bin/../lib/gcc/arm-none-eabi/7.3.1/thumb/v7e-m/fpv4-sp/hard/crtbegin.o
                [!provide]                        PROVIDE (__fini_array_end = .)
                0x00000000080098e0                . = ALIGN (0x4)
                0x00000000080098e0                _sidata = LOADADDR (.data)

.data           0x0000000020000000      0x2e8 load address 0x00000000080098e0
                0x0000000020000000                . = ALIGN (0x4)
                0x0000000020000000                _sdata = .
 *(.data)
 *(.data*)
 .data.uwTickPrio
                0x0000000020000000        0x4 Drivers/STM32F4xx_HAL_Driver/Src/stm32f4xx_hal.o
                0x0000000020000000                uwTickPrio
 .data.uwTickFreq
                0x0000000020000004        0x1 Drivers/STM32F4xx_HAL_Driver/Src/stm32f4xx_hal.o
                0x0000000020000004                uwTickFreq
 *fill*         0x0000000020000005        0x3 
 .data.DefaultTuningSettings
                0x0000000020000008       0xf3 Drivers/VL53L0X/core/src/vl53l0x_api.o
                0x0000000020000008                DefaultTuningSettings
 *fill*         0x00000000200000fb        0x1 
 .data.InterruptThresholdSettings
                0x00000000200000fc      0x1b6 Drivers/VL53L0X/core/src/vl53l0x_api.o
                0x00000000200000fc                InterruptThresholdSettings
 *fill*         0x00000000200002b2        0x2 
 .data.refArrayQuadrants
                0x00000000200002b4       0x10 Drivers/VL53L0X/core/src/vl53l0x_api_calibration.o
                0x00000000200002b4                refArrayQuadrants
 .data.Dev1     0x00000000200002c4        0x4 Src/main.o
                0x00000000200002c4                Dev1
 .data.Dev2     0x00000000200002c8        0x4 Src/main.o
                0x00000000200002c8                Dev2
 .data.Dev3     0x00000000200002cc        0x4 Src/main.o
                0x00000000200002cc                Dev3
 .data.Dev4     0x00000000200002d0        0x4 Src/main.o
                0x00000000200002d0                Dev4
 .data.Dev5     0x00000000200002d4        0x4 Src/main.o
                0x00000000200002d4                Dev5
 .data.takt     0x00000000200002d8        0x4 Src/main.o
                0x00000000200002d8                takt
 .data.P        0x00000000200002dc        0x4 Src/stm32f4xx_it.o
                0x00000000200002dc                P
 .data.D        0x00000000200002e0        0x4 Src/stm32f4xx_it.o
                0x00000000200002e0                D
 .data.SystemCoreClock
                0x00000000200002e4        0x4 Src/system_stm32f4xx.o
                0x00000000200002e4                SystemCoreClock
                0x00000000200002e8                . = ALIGN (0x4)
                0x00000000200002e8                _edata = .

.igot.plt       0x00000000200002e8        0x0 load address 0x0000000008009bc8
 .igot.plt      0x00000000200002e8        0x0 c:/st/stm32cubeide_1.3.0/stm32cubeide/plugins/com.st.stm32cube.ide.mcu.externaltools.gnu-tools-for-stm32.7-2018-q2-update.win32_1.5.0.202011040924/tools/bin/../lib/gcc/arm-none-eabi/7.3.1/thumb/v7e-m/fpv4-sp/hard/crtbegin.o
                0x00000000200002e8                . = ALIGN (0x4)

.bss            0x00000000200002e8      0xad0 load address 0x0000000008009bc8
                0x00000000200002e8                _sbss = .
                0x00000000200002e8                __bss_start__ = _sbss
 *(.bss)
 .bss           0x00000000200002e8       0x1c c:/st/stm32cubeide_1.3.0/stm32cubeide/plugins/com.st.stm32cube.ide.mcu.externaltools.gnu-tools-for-stm32.7-2018-q2-update.win32_1.5.0.202011040924/tools/bin/../lib/gcc/arm-none-eabi/7.3.1/thumb/v7e-m/fpv4-sp/hard/crtbegin.o
 *(.bss*)
 .bss.nowe_PWM_L
                0x0000000020000304        0x4 Src/stm32f4xx_it.o
                0x0000000020000304                nowe_PWM_L
 .bss.nowe_PWM_P
                0x0000000020000308        0x4 Src/stm32f4xx_it.o
                0x0000000020000308                nowe_PWM_P
 .bss.akt_V_P   0x000000002000030c        0x4 Src/stm32f4xx_it.o
                0x000000002000030c                akt_V_P
 .bss.akt_V_L   0x0000000020000310        0x4 Src/stm32f4xx_it.o
                0x0000000020000310                akt_V_L
 *(COMMON)
 COMMON         0x0000000020000314        0x4 Drivers/STM32F4xx_HAL_Driver/Src/stm32f4xx_hal.o
                0x0000000020000314                uwTick
 COMMON         0x0000000020000318       0x40 Drivers/VL53L0X/platform/src/vl53l0x_platform.o
                0x0000000020000318                _I2CBuffer
 COMMON         0x0000000020000358       0xa8 Src/adc.o
                0x0000000020000358                hadc1
                0x00000000200003a0                hdma_adc1
 COMMON         0x0000000020000400       0x54 Src/i2c.o
                0x0000000020000400                hi2c1
 COMMON         0x0000000020000454      0x890 Src/main.o
                0x0000000020000454                ust_D_P
                0x0000000020000458                vl53l0x_4
                0x00000000200005e8                RangingData1
                0x0000000020000604                LimitCheckCurrent
                0x0000000020000608                vl53l0x_1
                0x0000000020000798                odl
                0x00000000200007a0                RangingData5
                0x00000000200007bc                rs
                0x00000000200007c4                vl53l0x_3
                0x0000000020000954                RangingData4
                0x0000000020000970                vl53l0x_2
                0x0000000020000b00                ust_D_L
                0x0000000020000b04                vl53l0x_5
                0x0000000020000c94                zad_V_P
                0x0000000020000c98                RangingData2
                0x0000000020000cb4                linia
                0x0000000020000cbc                RangingData3
                0x0000000020000cd8                ls
                0x0000000020000ce0                zad_V_L
 COMMON         0x0000000020000ce4       0x14 Src/stm32f4xx_it.o
                0x0000000020000ce4                akt_bl_L
                0x0000000020000ce8                wcz_bl_P
                0x0000000020000cec                akt_bl_P
                0x0000000020000cf0                start
                0x0000000020000cf4                wcz_bl_L
 COMMON         0x0000000020000cf8       0xc0 Src/tim.o
                0x0000000020000cf8                htim3
                0x0000000020000d38                htim1
                0x0000000020000d78                htim2
                0x0000000020000db8                . = ALIGN (0x4)
                0x0000000020000db8                _ebss = .
                0x0000000020000db8                __bss_end__ = _ebss

._user_heap_stack
                0x0000000020000db8      0x600 load address 0x0000000008009bc8
                0x0000000020000db8                . = ALIGN (0x8)
                0x0000000020000db8                PROVIDE (end = .)
                [!provide]                        PROVIDE (_end = .)
                0x0000000020000fb8                . = (. + _Min_Heap_Size)
 *fill*         0x0000000020000db8      0x200 
                0x00000000200013b8                . = (. + _Min_Stack_Size)
 *fill*         0x0000000020000fb8      0x400 
                0x00000000200013b8                . = ALIGN (0x8)

/DISCARD/
 libc.a(*)
 libm.a(*)
 libgcc.a(*)

.ARM.attributes
                0x0000000000000000       0x30
 *(.ARM.attributes)
 .ARM.attributes
                0x0000000000000000       0x22 c:/st/stm32cubeide_1.3.0/stm32cubeide/plugins/com.st.stm32cube.ide.mcu.externaltools.gnu-tools-for-stm32.7-2018-q2-update.win32_1.5.0.202011040924/tools/bin/../lib/gcc/arm-none-eabi/7.3.1/thumb/v7e-m/fpv4-sp/hard/crti.o
 .ARM.attributes
                0x0000000000000022       0x34 c:/st/stm32cubeide_1.3.0/stm32cubeide/plugins/com.st.stm32cube.ide.mcu.externaltools.gnu-tools-for-stm32.7-2018-q2-update.win32_1.5.0.202011040924/tools/bin/../lib/gcc/arm-none-eabi/7.3.1/thumb/v7e-m/fpv4-sp/hard/crtbegin.o
 .ARM.attributes
                0x0000000000000056       0x39 Drivers/STM32F4xx_HAL_Driver/Src/stm32f4xx_hal.o
 .ARM.attributes
                0x000000000000008f       0x39 Drivers/STM32F4xx_HAL_Driver/Src/stm32f4xx_hal_adc.o
 .ARM.attributes
                0x00000000000000c8       0x39 Drivers/STM32F4xx_HAL_Driver/Src/stm32f4xx_hal_cortex.o
 .ARM.attributes
                0x0000000000000101       0x39 Drivers/STM32F4xx_HAL_Driver/Src/stm32f4xx_hal_dma.o
 .ARM.attributes
                0x000000000000013a       0x39 Drivers/STM32F4xx_HAL_Driver/Src/stm32f4xx_hal_gpio.o
 .ARM.attributes
                0x0000000000000173       0x39 Drivers/STM32F4xx_HAL_Driver/Src/stm32f4xx_hal_i2c.o
 .ARM.attributes
                0x00000000000001ac       0x39 Drivers/STM32F4xx_HAL_Driver/Src/stm32f4xx_hal_rcc.o
 .ARM.attributes
                0x00000000000001e5       0x39 Drivers/STM32F4xx_HAL_Driver/Src/stm32f4xx_hal_tim.o
 .ARM.attributes
                0x000000000000021e       0x39 Drivers/STM32F4xx_HAL_Driver/Src/stm32f4xx_hal_tim_ex.o
 .ARM.attributes
                0x0000000000000257       0x39 Drivers/VL53L0X/core/src/vl53l0x_api.o
 .ARM.attributes
                0x0000000000000290       0x39 Drivers/VL53L0X/core/src/vl53l0x_api_calibration.o
 .ARM.attributes
                0x00000000000002c9       0x39 Drivers/VL53L0X/core/src/vl53l0x_api_core.o
 .ARM.attributes
                0x0000000000000302       0x39 Drivers/VL53L0X/platform/src/vl53l0x_platform.o
 .ARM.attributes
                0x000000000000033b       0x39 Src/adc.o
 .ARM.attributes
                0x0000000000000374       0x39 Src/dma.o
 .ARM.attributes
                0x00000000000003ad       0x39 Src/gpio.o
 .ARM.attributes
                0x00000000000003e6       0x39 Src/i2c.o
 .ARM.attributes
                0x000000000000041f       0x39 Src/main.o
 .ARM.attributes
                0x0000000000000458       0x39 Src/stm32f4xx_hal_msp.o
 .ARM.attributes
                0x0000000000000491       0x39 Src/stm32f4xx_it.o
 .ARM.attributes
                0x00000000000004ca       0x39 Src/system_stm32f4xx.o
 .ARM.attributes
                0x0000000000000503       0x39 Src/tim.o
 .ARM.attributes
                0x000000000000053c       0x21 Startup/startup_stm32f401rctx.o
 .ARM.attributes
                0x000000000000055d       0x34 c:/st/stm32cubeide_1.3.0/stm32cubeide/plugins/com.st.stm32cube.ide.mcu.externaltools.gnu-tools-for-stm32.7-2018-q2-update.win32_1.5.0.202011040924/tools/bin/../lib/gcc/arm-none-eabi/7.3.1/../../../../arm-none-eabi/lib/thumb/v7e-m/fpv4-sp/hard\libc_nano.a(lib_a-init.o)
 .ARM.attributes
                0x0000000000000591       0x34 c:/st/stm32cubeide_1.3.0/stm32cubeide/plugins/com.st.stm32cube.ide.mcu.externaltools.gnu-tools-for-stm32.7-2018-q2-update.win32_1.5.0.202011040924/tools/bin/../lib/gcc/arm-none-eabi/7.3.1/../../../../arm-none-eabi/lib/thumb/v7e-m/fpv4-sp/hard\libc_nano.a(lib_a-memcpy-stub.o)
 .ARM.attributes
                0x00000000000005c5       0x34 c:/st/stm32cubeide_1.3.0/stm32cubeide/plugins/com.st.stm32cube.ide.mcu.externaltools.gnu-tools-for-stm32.7-2018-q2-update.win32_1.5.0.202011040924/tools/bin/../lib/gcc/arm-none-eabi/7.3.1/../../../../arm-none-eabi/lib/thumb/v7e-m/fpv4-sp/hard\libc_nano.a(lib_a-memset.o)
 .ARM.attributes
                0x00000000000005f9       0x34 c:/st/stm32cubeide_1.3.0/stm32cubeide/plugins/com.st.stm32cube.ide.mcu.externaltools.gnu-tools-for-stm32.7-2018-q2-update.win32_1.5.0.202011040924/tools/bin/../lib/gcc/arm-none-eabi/7.3.1/../../../../arm-none-eabi/lib/thumb/v7e-m/fpv4-sp/hard\libc_nano.a(lib_a-strcpy.o)
 .ARM.attributes
                0x000000000000062d       0x22 c:/st/stm32cubeide_1.3.0/stm32cubeide/plugins/com.st.stm32cube.ide.mcu.externaltools.gnu-tools-for-stm32.7-2018-q2-update.win32_1.5.0.202011040924/tools/bin/../lib/gcc/arm-none-eabi/7.3.1/thumb/v7e-m/fpv4-sp/hard\libgcc.a(_aeabi_uldivmod.o)
 .ARM.attributes
                0x000000000000064f       0x34 c:/st/stm32cubeide_1.3.0/stm32cubeide/plugins/com.st.stm32cube.ide.mcu.externaltools.gnu-tools-for-stm32.7-2018-q2-update.win32_1.5.0.202011040924/tools/bin/../lib/gcc/arm-none-eabi/7.3.1/thumb/v7e-m/fpv4-sp/hard\libgcc.a(_udivmoddi4.o)
 .ARM.attributes
                0x0000000000000683       0x22 c:/st/stm32cubeide_1.3.0/stm32cubeide/plugins/com.st.stm32cube.ide.mcu.externaltools.gnu-tools-for-stm32.7-2018-q2-update.win32_1.5.0.202011040924/tools/bin/../lib/gcc/arm-none-eabi/7.3.1/thumb/v7e-m/fpv4-sp/hard\libgcc.a(_dvmd_tls.o)
 .ARM.attributes
                0x00000000000006a5       0x22 c:/st/stm32cubeide_1.3.0/stm32cubeide/plugins/com.st.stm32cube.ide.mcu.externaltools.gnu-tools-for-stm32.7-2018-q2-update.win32_1.5.0.202011040924/tools/bin/../lib/gcc/arm-none-eabi/7.3.1/thumb/v7e-m/fpv4-sp/hard/crtn.o
OUTPUT(minisumo.elf elf32-littlearm)

.debug_info     0x0000000000000000    0x192dc
 .debug_info    0x0000000000000000      0x8ce Drivers/STM32F4xx_HAL_Driver/Src/stm32f4xx_hal.o
 .debug_info    0x00000000000008ce      0xce6 Drivers/STM32F4xx_HAL_Driver/Src/stm32f4xx_hal_adc.o
 .debug_info    0x00000000000015b4      0xd92 Drivers/STM32F4xx_HAL_Driver/Src/stm32f4xx_hal_cortex.o
 .debug_info    0x0000000000002346      0x960 Drivers/STM32F4xx_HAL_Driver/Src/stm32f4xx_hal_dma.o
 .debug_info    0x0000000000002ca6      0x7d7 Drivers/STM32F4xx_HAL_Driver/Src/stm32f4xx_hal_gpio.o
 .debug_info    0x000000000000347d     0x242b Drivers/STM32F4xx_HAL_Driver/Src/stm32f4xx_hal_i2c.o
 .debug_info    0x00000000000058a8      0x929 Drivers/STM32F4xx_HAL_Driver/Src/stm32f4xx_hal_rcc.o
 .debug_info    0x00000000000061d1     0x24a1 Drivers/STM32F4xx_HAL_Driver/Src/stm32f4xx_hal_tim.o
 .debug_info    0x0000000000008672     0x114f Drivers/STM32F4xx_HAL_Driver/Src/stm32f4xx_hal_tim_ex.o
 .debug_info    0x00000000000097c1     0x39a6 Drivers/VL53L0X/core/src/vl53l0x_api.o
 .debug_info    0x000000000000d167     0x230f Drivers/VL53L0X/core/src/vl53l0x_api_calibration.o
 .debug_info    0x000000000000f476     0x2812 Drivers/VL53L0X/core/src/vl53l0x_api_core.o
 .debug_info    0x0000000000011c88     0x1996 Drivers/VL53L0X/platform/src/vl53l0x_platform.o
 .debug_info    0x000000000001361e      0xa13 Src/adc.o
 .debug_info    0x0000000000014031      0x4fe Src/dma.o
 .debug_info    0x000000000001452f      0x4d6 Src/gpio.o
 .debug_info    0x0000000000014a05      0xa08 Src/i2c.o
 .debug_info    0x000000000001540d     0x228e Src/main.o
 .debug_info    0x000000000001769b      0x38c Src/stm32f4xx_hal_msp.o
 .debug_info    0x0000000000017a27      0x684 Src/stm32f4xx_it.o
 .debug_info    0x00000000000180ab      0x57e Src/system_stm32f4xx.o
 .debug_info    0x0000000000018629      0xc91 Src/tim.o
 .debug_info    0x00000000000192ba       0x22 Startup/startup_stm32f401rctx.o

.debug_abbrev   0x0000000000000000     0x2ca6
 .debug_abbrev  0x0000000000000000      0x1f2 Drivers/STM32F4xx_HAL_Driver/Src/stm32f4xx_hal.o
 .debug_abbrev  0x00000000000001f2      0x1cd Drivers/STM32F4xx_HAL_Driver/Src/stm32f4xx_hal_adc.o
 .debug_abbrev  0x00000000000003bf      0x2fa Drivers/STM32F4xx_HAL_Driver/Src/stm32f4xx_hal_cortex.o
 .debug_abbrev  0x00000000000006b9      0x1f1 Drivers/STM32F4xx_HAL_Driver/Src/stm32f4xx_hal_dma.o
 .debug_abbrev  0x00000000000008aa      0x1c9 Drivers/STM32F4xx_HAL_Driver/Src/stm32f4xx_hal_gpio.o
 .debug_abbrev  0x0000000000000a73      0x263 Drivers/STM32F4xx_HAL_Driver/Src/stm32f4xx_hal_i2c.o
 .debug_abbrev  0x0000000000000cd6      0x245 Drivers/STM32F4xx_HAL_Driver/Src/stm32f4xx_hal_rcc.o
 .debug_abbrev  0x0000000000000f1b      0x23f Drivers/STM32F4xx_HAL_Driver/Src/stm32f4xx_hal_tim.o
 .debug_abbrev  0x000000000000115a      0x22d Drivers/STM32F4xx_HAL_Driver/Src/stm32f4xx_hal_tim_ex.o
 .debug_abbrev  0x0000000000001387      0x2cf Drivers/VL53L0X/core/src/vl53l0x_api.o
 .debug_abbrev  0x0000000000001656      0x2aa Drivers/VL53L0X/core/src/vl53l0x_api_calibration.o
 .debug_abbrev  0x0000000000001900      0x2c4 Drivers/VL53L0X/core/src/vl53l0x_api_core.o
 .debug_abbrev  0x0000000000001bc4      0x243 Drivers/VL53L0X/platform/src/vl53l0x_platform.o
 .debug_abbrev  0x0000000000001e07      0x1aa Src/adc.o
 .debug_abbrev  0x0000000000001fb1      0x107 Src/dma.o
 .debug_abbrev  0x00000000000020b8      0x134 Src/gpio.o
 .debug_abbrev  0x00000000000021ec      0x199 Src/i2c.o
 .debug_abbrev  0x0000000000002385      0x374 Src/main.o
 .debug_abbrev  0x00000000000026f9      0x109 Src/stm32f4xx_hal_msp.o
 .debug_abbrev  0x0000000000002802      0x17a Src/stm32f4xx_it.o
 .debug_abbrev  0x000000000000297c      0x12b Src/system_stm32f4xx.o
 .debug_abbrev  0x0000000000002aa7      0x1ed Src/tim.o
 .debug_abbrev  0x0000000000002c94       0x12 Startup/startup_stm32f401rctx.o

.debug_aranges  0x0000000000000000     0x1410
 .debug_aranges
                0x0000000000000000       0xf0 Drivers/STM32F4xx_HAL_Driver/Src/stm32f4xx_hal.o
 .debug_aranges
                0x00000000000000f0       0xe8 Drivers/STM32F4xx_HAL_Driver/Src/stm32f4xx_hal_adc.o
 .debug_aranges
                0x00000000000001d8      0x118 Drivers/STM32F4xx_HAL_Driver/Src/stm32f4xx_hal_cortex.o
 .debug_aranges
                0x00000000000002f0       0x90 Drivers/STM32F4xx_HAL_Driver/Src/stm32f4xx_hal_dma.o
 .debug_aranges
                0x0000000000000380       0x58 Drivers/STM32F4xx_HAL_Driver/Src/stm32f4xx_hal_gpio.o
 .debug_aranges
                0x00000000000003d8      0x2a0 Drivers/STM32F4xx_HAL_Driver/Src/stm32f4xx_hal_i2c.o
 .debug_aranges
                0x0000000000000678       0x88 Drivers/STM32F4xx_HAL_Driver/Src/stm32f4xx_hal_rcc.o
 .debug_aranges
                0x0000000000000700      0x3a8 Drivers/STM32F4xx_HAL_Driver/Src/stm32f4xx_hal_tim.o
 .debug_aranges
                0x0000000000000aa8      0x150 Drivers/STM32F4xx_HAL_Driver/Src/stm32f4xx_hal_tim_ex.o
 .debug_aranges
                0x0000000000000bf8      0x330 Drivers/VL53L0X/core/src/vl53l0x_api.o
 .debug_aranges
                0x0000000000000f28       0xd0 Drivers/VL53L0X/core/src/vl53l0x_api_calibration.o
 .debug_aranges
                0x0000000000000ff8       0xe0 Drivers/VL53L0X/core/src/vl53l0x_api_core.o
 .debug_aranges
                0x00000000000010d8       0x78 Drivers/VL53L0X/platform/src/vl53l0x_platform.o
 .debug_aranges
                0x0000000000001150       0x30 Src/adc.o
 .debug_aranges
                0x0000000000001180       0x20 Src/dma.o
 .debug_aranges
                0x00000000000011a0       0x20 Src/gpio.o
 .debug_aranges
                0x00000000000011c0       0x30 Src/i2c.o
 .debug_aranges
                0x00000000000011f0       0xf0 Src/main.o
 .debug_aranges
                0x00000000000012e0       0x20 Src/stm32f4xx_hal_msp.o
 .debug_aranges
                0x0000000000001300       0x68 Src/stm32f4xx_it.o
 .debug_aranges
                0x0000000000001368       0x28 Src/system_stm32f4xx.o
 .debug_aranges
                0x0000000000001390       0x58 Src/tim.o
 .debug_aranges
                0x00000000000013e8       0x28 Startup/startup_stm32f401rctx.o

.debug_ranges   0x0000000000000000     0x12d0
 .debug_ranges  0x0000000000000000       0xe0 Drivers/STM32F4xx_HAL_Driver/Src/stm32f4xx_hal.o
 .debug_ranges  0x00000000000000e0       0xd8 Drivers/STM32F4xx_HAL_Driver/Src/stm32f4xx_hal_adc.o
 .debug_ranges  0x00000000000001b8      0x108 Drivers/STM32F4xx_HAL_Driver/Src/stm32f4xx_hal_cortex.o
 .debug_ranges  0x00000000000002c0       0x80 Drivers/STM32F4xx_HAL_Driver/Src/stm32f4xx_hal_dma.o
 .debug_ranges  0x0000000000000340       0x48 Drivers/STM32F4xx_HAL_Driver/Src/stm32f4xx_hal_gpio.o
 .debug_ranges  0x0000000000000388      0x2b8 Drivers/STM32F4xx_HAL_Driver/Src/stm32f4xx_hal_i2c.o
 .debug_ranges  0x0000000000000640       0x78 Drivers/STM32F4xx_HAL_Driver/Src/stm32f4xx_hal_rcc.o
 .debug_ranges  0x00000000000006b8      0x398 Drivers/STM32F4xx_HAL_Driver/Src/stm32f4xx_hal_tim.o
 .debug_ranges  0x0000000000000a50      0x140 Drivers/STM32F4xx_HAL_Driver/Src/stm32f4xx_hal_tim_ex.o
 .debug_ranges  0x0000000000000b90      0x320 Drivers/VL53L0X/core/src/vl53l0x_api.o
 .debug_ranges  0x0000000000000eb0       0xc0 Drivers/VL53L0X/core/src/vl53l0x_api_calibration.o
 .debug_ranges  0x0000000000000f70       0xd0 Drivers/VL53L0X/core/src/vl53l0x_api_core.o
 .debug_ranges  0x0000000000001040       0x68 Drivers/VL53L0X/platform/src/vl53l0x_platform.o
 .debug_ranges  0x00000000000010a8       0x20 Src/adc.o
 .debug_ranges  0x00000000000010c8       0x10 Src/dma.o
 .debug_ranges  0x00000000000010d8       0x10 Src/gpio.o
 .debug_ranges  0x00000000000010e8       0x20 Src/i2c.o
 .debug_ranges  0x0000000000001108       0xe0 Src/main.o
 .debug_ranges  0x00000000000011e8       0x10 Src/stm32f4xx_hal_msp.o
 .debug_ranges  0x00000000000011f8       0x58 Src/stm32f4xx_it.o
 .debug_ranges  0x0000000000001250       0x18 Src/system_stm32f4xx.o
 .debug_ranges  0x0000000000001268       0x48 Src/tim.o
 .debug_ranges  0x00000000000012b0       0x20 Startup/startup_stm32f401rctx.o

.debug_macro    0x0000000000000000    0x192bd
 .debug_macro   0x0000000000000000      0x256 Drivers/STM32F4xx_HAL_Driver/Src/stm32f4xx_hal.o
 .debug_macro   0x0000000000000256      0xa5a Drivers/STM32F4xx_HAL_Driver/Src/stm32f4xx_hal.o
 .debug_macro   0x0000000000000cb0      0x190 Drivers/STM32F4xx_HAL_Driver/Src/stm32f4xx_hal.o
 .debug_macro   0x0000000000000e40       0x2e Drivers/STM32F4xx_HAL_Driver/Src/stm32f4xx_hal.o
 .debug_macro   0x0000000000000e6e       0x28 Drivers/STM32F4xx_HAL_Driver/Src/stm32f4xx_hal.o
 .debug_macro   0x0000000000000e96       0x22 Drivers/STM32F4xx_HAL_Driver/Src/stm32f4xx_hal.o
 .debug_macro   0x0000000000000eb8       0x8e Drivers/STM32F4xx_HAL_Driver/Src/stm32f4xx_hal.o
 .debug_macro   0x0000000000000f46       0x51 Drivers/STM32F4xx_HAL_Driver/Src/stm32f4xx_hal.o
 .debug_macro   0x0000000000000f97       0xef Drivers/STM32F4xx_HAL_Driver/Src/stm32f4xx_hal.o
 .debug_macro   0x0000000000001086       0x6a Drivers/STM32F4xx_HAL_Driver/Src/stm32f4xx_hal.o
 .debug_macro   0x00000000000010f0      0x1df Drivers/STM32F4xx_HAL_Driver/Src/stm32f4xx_hal.o
 .debug_macro   0x00000000000012cf       0x1c Drivers/STM32F4xx_HAL_Driver/Src/stm32f4xx_hal.o
 .debug_macro   0x00000000000012eb       0x22 Drivers/STM32F4xx_HAL_Driver/Src/stm32f4xx_hal.o
 .debug_macro   0x000000000000130d       0xdf Drivers/STM32F4xx_HAL_Driver/Src/stm32f4xx_hal.o
 .debug_macro   0x00000000000013ec     0x102d Drivers/STM32F4xx_HAL_Driver/Src/stm32f4xx_hal.o
 .debug_macro   0x0000000000002419      0x11f Drivers/STM32F4xx_HAL_Driver/Src/stm32f4xx_hal.o
 .debug_macro   0x0000000000002538     0xb850 Drivers/STM32F4xx_HAL_Driver/Src/stm32f4xx_hal.o
 .debug_macro   0x000000000000dd88       0x43 Drivers/STM32F4xx_HAL_Driver/Src/stm32f4xx_hal.o
 .debug_macro   0x000000000000ddcb     0x3659 Drivers/STM32F4xx_HAL_Driver/Src/stm32f4xx_hal.o
 .debug_macro   0x0000000000011424      0x174 Drivers/STM32F4xx_HAL_Driver/Src/stm32f4xx_hal.o
 .debug_macro   0x0000000000011598       0x5a Drivers/STM32F4xx_HAL_Driver/Src/stm32f4xx_hal.o
 .debug_macro   0x00000000000115f2      0x416 Drivers/STM32F4xx_HAL_Driver/Src/stm32f4xx_hal.o
 .debug_macro   0x0000000000011a08      0x9fe Drivers/STM32F4xx_HAL_Driver/Src/stm32f4xx_hal.o
 .debug_macro   0x0000000000012406      0x15f Drivers/STM32F4xx_HAL_Driver/Src/stm32f4xx_hal.o
 .debug_macro   0x0000000000012565      0x117 Drivers/STM32F4xx_HAL_Driver/Src/stm32f4xx_hal.o
 .debug_macro   0x000000000001267c       0xf8 Drivers/STM32F4xx_HAL_Driver/Src/stm32f4xx_hal.o
 .debug_macro   0x0000000000012774       0x27 Drivers/STM32F4xx_HAL_Driver/Src/stm32f4xx_hal.o
 .debug_macro   0x000000000001279b      0x287 Drivers/STM32F4xx_HAL_Driver/Src/stm32f4xx_hal.o
 .debug_macro   0x0000000000012a22       0x5f Drivers/STM32F4xx_HAL_Driver/Src/stm32f4xx_hal.o
 .debug_macro   0x0000000000012a81      0x236 Drivers/STM32F4xx_HAL_Driver/Src/stm32f4xx_hal.o
 .debug_macro   0x0000000000012cb7      0x391 Drivers/STM32F4xx_HAL_Driver/Src/stm32f4xx_hal.o
 .debug_macro   0x0000000000013048      0x176 Drivers/STM32F4xx_HAL_Driver/Src/stm32f4xx_hal.o
 .debug_macro   0x00000000000131be       0xf9 Drivers/STM32F4xx_HAL_Driver/Src/stm32f4xx_hal.o
 .debug_macro   0x00000000000132b7      0x132 Drivers/STM32F4xx_HAL_Driver/Src/stm32f4xx_hal.o
 .debug_macro   0x00000000000133e9      0x23a Drivers/STM32F4xx_HAL_Driver/Src/stm32f4xx_hal.o
 .debug_macro   0x0000000000013623       0x2e Drivers/STM32F4xx_HAL_Driver/Src/stm32f4xx_hal.o
 .debug_macro   0x0000000000013651      0x1b5 Drivers/STM32F4xx_HAL_Driver/Src/stm32f4xx_hal.o
 .debug_macro   0x0000000000013806       0x22 Drivers/STM32F4xx_HAL_Driver/Src/stm32f4xx_hal.o
 .debug_macro   0x0000000000013828       0xd6 Drivers/STM32F4xx_HAL_Driver/Src/stm32f4xx_hal.o
 .debug_macro   0x00000000000138fe      0x11a Drivers/STM32F4xx_HAL_Driver/Src/stm32f4xx_hal.o
 .debug_macro   0x0000000000013a18       0x85 Drivers/STM32F4xx_HAL_Driver/Src/stm32f4xx_hal.o
 .debug_macro   0x0000000000013a9d       0x89 Drivers/STM32F4xx_HAL_Driver/Src/stm32f4xx_hal.o
 .debug_macro   0x0000000000013b26      0x8a0 Drivers/STM32F4xx_HAL_Driver/Src/stm32f4xx_hal.o
 .debug_macro   0x00000000000143c6       0x47 Drivers/STM32F4xx_HAL_Driver/Src/stm32f4xx_hal.o
 .debug_macro   0x000000000001440d      0x126 Drivers/STM32F4xx_HAL_Driver/Src/stm32f4xx_hal.o
 .debug_macro   0x0000000000014533      0x1f7 Drivers/STM32F4xx_HAL_Driver/Src/stm32f4xx_hal_adc.o
 .debug_macro   0x000000000001472a      0x1f6 Drivers/STM32F4xx_HAL_Driver/Src/stm32f4xx_hal_cortex.o
 .debug_macro   0x0000000000014920      0x1fc Drivers/STM32F4xx_HAL_Driver/Src/stm32f4xx_hal_dma.o
 .debug_macro   0x0000000000014b1c      0x22c Drivers/STM32F4xx_HAL_Driver/Src/stm32f4xx_hal_gpio.o
 .debug_macro   0x0000000000014d48      0x23d Drivers/STM32F4xx_HAL_Driver/Src/stm32f4xx_hal_i2c.o
 .debug_macro   0x0000000000014f85      0x21a Drivers/STM32F4xx_HAL_Driver/Src/stm32f4xx_hal_rcc.o
 .debug_macro   0x000000000001519f      0x1f7 Drivers/STM32F4xx_HAL_Driver/Src/stm32f4xx_hal_tim.o
 .debug_macro   0x0000000000015396      0x1f6 Drivers/STM32F4xx_HAL_Driver/Src/stm32f4xx_hal_tim_ex.o
 .debug_macro   0x000000000001558c      0x45a Drivers/VL53L0X/core/src/vl53l0x_api.o
 .debug_macro   0x00000000000159e6       0x76 Drivers/VL53L0X/core/src/vl53l0x_api.o
 .debug_macro   0x0000000000015a5c      0x29c Drivers/VL53L0X/core/src/vl53l0x_api.o
 .debug_macro   0x0000000000015cf8      0x203 Drivers/VL53L0X/core/src/vl53l0x_api.o
 .debug_macro   0x0000000000015efb       0x46 Drivers/VL53L0X/core/src/vl53l0x_api.o
 .debug_macro   0x0000000000015f41       0x18 Drivers/VL53L0X/core/src/vl53l0x_api.o
 .debug_macro   0x0000000000015f59       0x3c Drivers/VL53L0X/core/src/vl53l0x_api.o
 .debug_macro   0x0000000000015f95       0x34 Drivers/VL53L0X/core/src/vl53l0x_api.o
 .debug_macro   0x0000000000015fc9       0x16 Drivers/VL53L0X/core/src/vl53l0x_api.o
 .debug_macro   0x0000000000015fdf       0x35 Drivers/VL53L0X/core/src/vl53l0x_api.o
 .debug_macro   0x0000000000016014      0x330 Drivers/VL53L0X/core/src/vl53l0x_api.o
 .debug_macro   0x0000000000016344       0x10 Drivers/VL53L0X/core/src/vl53l0x_api.o
 .debug_macro   0x0000000000016354       0x52 Drivers/VL53L0X/core/src/vl53l0x_api.o
 .debug_macro   0x00000000000163a6       0x1f Drivers/VL53L0X/core/src/vl53l0x_api.o
 .debug_macro   0x00000000000163c5       0x43 Drivers/VL53L0X/core/src/vl53l0x_api.o
 .debug_macro   0x0000000000016408       0x20 Drivers/VL53L0X/core/src/vl53l0x_api.o
 .debug_macro   0x0000000000016428      0x1a3 Drivers/VL53L0X/core/src/vl53l0x_api.o
 .debug_macro   0x00000000000165cb       0x10 Drivers/VL53L0X/core/src/vl53l0x_api.o
 .debug_macro   0x00000000000165db       0x1c Drivers/VL53L0X/core/src/vl53l0x_api.o
 .debug_macro   0x00000000000165f7       0x52 Drivers/VL53L0X/core/src/vl53l0x_api.o
 .debug_macro   0x0000000000016649       0x40 Drivers/VL53L0X/core/src/vl53l0x_api.o
 .debug_macro   0x0000000000016689       0x10 Drivers/VL53L0X/core/src/vl53l0x_api.o
 .debug_macro   0x0000000000016699       0x40 Drivers/VL53L0X/core/src/vl53l0x_api.o
 .debug_macro   0x00000000000166d9       0xd7 Drivers/VL53L0X/core/src/vl53l0x_api.o
 .debug_macro   0x00000000000167b0       0x1c Drivers/VL53L0X/core/src/vl53l0x_api.o
 .debug_macro   0x00000000000167cc       0x3d Drivers/VL53L0X/core/src/vl53l0x_api.o
 .debug_macro   0x0000000000016809       0x16 Drivers/VL53L0X/core/src/vl53l0x_api.o
 .debug_macro   0x000000000001681f      0x145 Drivers/VL53L0X/core/src/vl53l0x_api.o
 .debug_macro   0x0000000000016964       0x16 Drivers/VL53L0X/core/src/vl53l0x_api.o
 .debug_macro   0x000000000001697a       0x20 Drivers/VL53L0X/core/src/vl53l0x_api.o
 .debug_macro   0x000000000001699a       0x2e Drivers/VL53L0X/core/src/vl53l0x_api.o
 .debug_macro   0x00000000000169c8       0xd9 Drivers/VL53L0X/core/src/vl53l0x_api.o
 .debug_macro   0x0000000000016aa1       0x54 Drivers/VL53L0X/core/src/vl53l0x_api.o
 .debug_macro   0x0000000000016af5       0x17 Drivers/VL53L0X/core/src/vl53l0x_api.o
 .debug_macro   0x0000000000016b0c      0x1d2 Drivers/VL53L0X/core/src/vl53l0x_api.o
 .debug_macro   0x0000000000016cde       0x16 Drivers/VL53L0X/core/src/vl53l0x_api.o
 .debug_macro   0x0000000000016cf4       0x16 Drivers/VL53L0X/core/src/vl53l0x_api.o
 .debug_macro   0x0000000000016d0a       0x29 Drivers/VL53L0X/core/src/vl53l0x_api.o
 .debug_macro   0x0000000000016d33      0x454 Drivers/VL53L0X/core/src/vl53l0x_api_calibration.o
 .debug_macro   0x0000000000017187      0x442 Drivers/VL53L0X/core/src/vl53l0x_api_core.o
 .debug_macro   0x00000000000175c9      0x406 Drivers/VL53L0X/platform/src/vl53l0x_platform.o
 .debug_macro   0x00000000000179cf      0x20f Src/adc.o
 .debug_macro   0x0000000000017bde      0x124 Src/adc.o
 .debug_macro   0x0000000000017d02      0x20f Src/dma.o
 .debug_macro   0x0000000000017f11      0x20f Src/gpio.o
 .debug_macro   0x0000000000018120      0x20f Src/i2c.o
 .debug_macro   0x000000000001832f      0x43f Src/main.o
 .debug_macro   0x000000000001876e      0x32a Src/main.o
 .debug_macro   0x0000000000018a98      0x205 Src/stm32f4xx_hal_msp.o
 .debug_macro   0x0000000000018c9d      0x215 Src/stm32f4xx_it.o
 .debug_macro   0x0000000000018eb2      0x1fc Src/system_stm32f4xx.o
 .debug_macro   0x00000000000190ae      0x20f Src/tim.o

.debug_line     0x0000000000000000    0x10588
 .debug_line    0x0000000000000000      0x90b Drivers/STM32F4xx_HAL_Driver/Src/stm32f4xx_hal.o
 .debug_line    0x000000000000090b      0xb31 Drivers/STM32F4xx_HAL_Driver/Src/stm32f4xx_hal_adc.o
 .debug_line    0x000000000000143c      0xa2f Drivers/STM32F4xx_HAL_Driver/Src/stm32f4xx_hal_cortex.o
 .debug_line    0x0000000000001e6b      0x9d9 Drivers/STM32F4xx_HAL_Driver/Src/stm32f4xx_hal_dma.o
 .debug_line    0x0000000000002844      0x8ae Drivers/STM32F4xx_HAL_Driver/Src/stm32f4xx_hal_gpio.o
 .debug_line    0x00000000000030f2     0x1bb9 Drivers/STM32F4xx_HAL_Driver/Src/stm32f4xx_hal_i2c.o
 .debug_line    0x0000000000004cab      0x963 Drivers/STM32F4xx_HAL_Driver/Src/stm32f4xx_hal_rcc.o
 .debug_line    0x000000000000560e     0x17c8 Drivers/STM32F4xx_HAL_Driver/Src/stm32f4xx_hal_tim.o
 .debug_line    0x0000000000006dd6      0xd16 Drivers/STM32F4xx_HAL_Driver/Src/stm32f4xx_hal_tim_ex.o
 .debug_line    0x0000000000007aec     0x15df Drivers/VL53L0X/core/src/vl53l0x_api.o
 .debug_line    0x00000000000090cb      0xf2a Drivers/VL53L0X/core/src/vl53l0x_api_calibration.o
 .debug_line    0x0000000000009ff5     0x1127 Drivers/VL53L0X/core/src/vl53l0x_api_core.o
 .debug_line    0x000000000000b11c      0xb64 Drivers/VL53L0X/platform/src/vl53l0x_platform.o
 .debug_line    0x000000000000bc80      0x74c Src/adc.o
 .debug_line    0x000000000000c3cc      0x6fc Src/dma.o
 .debug_line    0x000000000000cac8      0x719 Src/gpio.o
 .debug_line    0x000000000000d1e1      0x732 Src/i2c.o
 .debug_line    0x000000000000d913      0xe07 Src/main.o
 .debug_line    0x000000000000e71a      0x701 Src/stm32f4xx_hal_msp.o
 .debug_line    0x000000000000ee1b      0x7eb Src/stm32f4xx_it.o
 .debug_line    0x000000000000f606      0x71c Src/system_stm32f4xx.o
 .debug_line    0x000000000000fd22      0x7e6 Src/tim.o
 .debug_line    0x0000000000010508       0x80 Startup/startup_stm32f401rctx.o

.debug_str      0x0000000000000000    0x978e8
 .debug_str     0x0000000000000000    0x88eef Drivers/STM32F4xx_HAL_Driver/Src/stm32f4xx_hal.o
                                      0x89263 (size before relaxing)
 .debug_str     0x0000000000088eef      0x64e Drivers/STM32F4xx_HAL_Driver/Src/stm32f4xx_hal_adc.o
                                      0x88e7d (size before relaxing)
 .debug_str     0x000000000008953d      0x3e6 Drivers/STM32F4xx_HAL_Driver/Src/stm32f4xx_hal_cortex.o
                                      0x89040 (size before relaxing)
 .debug_str     0x0000000000089923      0x315 Drivers/STM32F4xx_HAL_Driver/Src/stm32f4xx_hal_dma.o
                                      0x88cfb (size before relaxing)
 .debug_str     0x0000000000089c38      0x281 Drivers/STM32F4xx_HAL_Driver/Src/stm32f4xx_hal_gpio.o
                                      0x88b37 (size before relaxing)
 .debug_str     0x0000000000089eb9      0xd48 Drivers/STM32F4xx_HAL_Driver/Src/stm32f4xx_hal_i2c.o
                                      0x89858 (size before relaxing)
 .debug_str     0x000000000008ac01      0x384 Drivers/STM32F4xx_HAL_Driver/Src/stm32f4xx_hal_rcc.o
                                      0x88ce5 (size before relaxing)
 .debug_str     0x000000000008af85      0xef9 Drivers/STM32F4xx_HAL_Driver/Src/stm32f4xx_hal_tim.o
                                      0x899f2 (size before relaxing)
 .debug_str     0x000000000008be7e      0x4ec Drivers/STM32F4xx_HAL_Driver/Src/stm32f4xx_hal_tim_ex.o
                                      0x891f2 (size before relaxing)
 .debug_str     0x000000000008c36a     0x95aa Drivers/VL53L0X/core/src/vl53l0x_api.o
                                      0x925a5 (size before relaxing)
 .debug_str     0x0000000000095914      0x7ad Drivers/VL53L0X/core/src/vl53l0x_api_calibration.o
                                      0x91878 (size before relaxing)
 .debug_str     0x00000000000960c1      0xd51 Drivers/VL53L0X/core/src/vl53l0x_api_core.o
                                      0x91ee3 (size before relaxing)
 .debug_str     0x0000000000096e12      0x1b5 Drivers/VL53L0X/platform/src/vl53l0x_platform.o
                                      0x90edb (size before relaxing)
 .debug_str     0x0000000000096fc7      0x417 Src/adc.o
                                      0x89120 (size before relaxing)
 .debug_str     0x00000000000973de       0x22 Src/dma.o
                                      0x88fc3 (size before relaxing)
 .debug_str     0x0000000000097400       0x25 Src/gpio.o
                                      0x88cd7 (size before relaxing)
 .debug_str     0x0000000000097425       0x33 Src/i2c.o
                                      0x891dc (size before relaxing)
 .debug_str     0x0000000000097458      0x243 Src/main.o
                                      0x9197b (size before relaxing)
 .debug_str     0x000000000009769b       0x1b Src/stm32f4xx_hal_msp.o
                                      0x88c3c (size before relaxing)
 .debug_str     0x00000000000976b6      0x12b Src/stm32f4xx_it.o
                                      0x88eec (size before relaxing)
 .debug_str     0x00000000000977e1       0x5a Src/system_stm32f4xx.o
                                      0x888f3 (size before relaxing)
 .debug_str     0x000000000009783b       0x7c Src/tim.o
                                      0x892fa (size before relaxing)
 .debug_str     0x00000000000978b7       0x31 Startup/startup_stm32f401rctx.o
                                         0x70 (size before relaxing)

.comment        0x0000000000000000       0x7b
 .comment       0x0000000000000000       0x7b Drivers/STM32F4xx_HAL_Driver/Src/stm32f4xx_hal.o
                                         0x7c (size before relaxing)
 .comment       0x000000000000007b       0x7c Drivers/STM32F4xx_HAL_Driver/Src/stm32f4xx_hal_adc.o
 .comment       0x000000000000007b       0x7c Drivers/STM32F4xx_HAL_Driver/Src/stm32f4xx_hal_cortex.o
 .comment       0x000000000000007b       0x7c Drivers/STM32F4xx_HAL_Driver/Src/stm32f4xx_hal_dma.o
 .comment       0x000000000000007b       0x7c Drivers/STM32F4xx_HAL_Driver/Src/stm32f4xx_hal_gpio.o
 .comment       0x000000000000007b       0x7c Drivers/STM32F4xx_HAL_Driver/Src/stm32f4xx_hal_i2c.o
 .comment       0x000000000000007b       0x7c Drivers/STM32F4xx_HAL_Driver/Src/stm32f4xx_hal_rcc.o
 .comment       0x000000000000007b       0x7c Drivers/STM32F4xx_HAL_Driver/Src/stm32f4xx_hal_tim.o
 .comment       0x000000000000007b       0x7c Drivers/STM32F4xx_HAL_Driver/Src/stm32f4xx_hal_tim_ex.o
 .comment       0x000000000000007b       0x7c Drivers/VL53L0X/core/src/vl53l0x_api.o
 .comment       0x000000000000007b       0x7c Drivers/VL53L0X/core/src/vl53l0x_api_calibration.o
 .comment       0x000000000000007b       0x7c Drivers/VL53L0X/core/src/vl53l0x_api_core.o
 .comment       0x000000000000007b       0x7c Drivers/VL53L0X/platform/src/vl53l0x_platform.o
 .comment       0x000000000000007b       0x7c Src/adc.o
 .comment       0x000000000000007b       0x7c Src/dma.o
 .comment       0x000000000000007b       0x7c Src/gpio.o
 .comment       0x000000000000007b       0x7c Src/i2c.o
 .comment       0x000000000000007b       0x7c Src/main.o
 .comment       0x000000000000007b       0x7c Src/stm32f4xx_hal_msp.o
 .comment       0x000000000000007b       0x7c Src/stm32f4xx_it.o
 .comment       0x000000000000007b       0x7c Src/system_stm32f4xx.o
 .comment       0x000000000000007b       0x7c Src/tim.o

.debug_frame    0x0000000000000000     0x54a8
 .debug_frame   0x0000000000000000      0x374 Drivers/STM32F4xx_HAL_Driver/Src/stm32f4xx_hal.o
 .debug_frame   0x0000000000000374      0x3fc Drivers/STM32F4xx_HAL_Driver/Src/stm32f4xx_hal_adc.o
 .debug_frame   0x0000000000000770      0x498 Drivers/STM32F4xx_HAL_Driver/Src/stm32f4xx_hal_cortex.o
 .debug_frame   0x0000000000000c08      0x250 Drivers/STM32F4xx_HAL_Driver/Src/stm32f4xx_hal_dma.o
 .debug_frame   0x0000000000000e58      0x14c Drivers/STM32F4xx_HAL_Driver/Src/stm32f4xx_hal_gpio.o
 .debug_frame   0x0000000000000fa4      0xc5c Drivers/STM32F4xx_HAL_Driver/Src/stm32f4xx_hal_i2c.o
 .debug_frame   0x0000000000001c00      0x1f0 Drivers/STM32F4xx_HAL_Driver/Src/stm32f4xx_hal_rcc.o
 .debug_frame   0x0000000000001df0     0x10e8 Drivers/STM32F4xx_HAL_Driver/Src/stm32f4xx_hal_tim.o
 .debug_frame   0x0000000000002ed8      0x5c0 Drivers/STM32F4xx_HAL_Driver/Src/stm32f4xx_hal_tim_ex.o
 .debug_frame   0x0000000000003498      0xe94 Drivers/VL53L0X/core/src/vl53l0x_api.o
 .debug_frame   0x000000000000432c      0x374 Drivers/VL53L0X/core/src/vl53l0x_api_calibration.o
 .debug_frame   0x00000000000046a0      0x3c4 Drivers/VL53L0X/core/src/vl53l0x_api_core.o
 .debug_frame   0x0000000000004a64      0x1c0 Drivers/VL53L0X/platform/src/vl53l0x_platform.o
 .debug_frame   0x0000000000004c24       0x7c Src/adc.o
 .debug_frame   0x0000000000004ca0       0x34 Src/dma.o
 .debug_frame   0x0000000000004cd4       0x34 Src/gpio.o
 .debug_frame   0x0000000000004d08       0x74 Src/i2c.o
 .debug_frame   0x0000000000004d7c      0x348 Src/main.o
 .debug_frame   0x00000000000050c4       0x38 Src/stm32f4xx_hal_msp.o
 .debug_frame   0x00000000000050fc      0x128 Src/stm32f4xx_it.o
 .debug_frame   0x0000000000005224       0x58 Src/system_stm32f4xx.o
 .debug_frame   0x000000000000527c      0x138 Src/tim.o
 .debug_frame   0x00000000000053b4       0x2c c:/st/stm32cubeide_1.3.0/stm32cubeide/plugins/com.st.stm32cube.ide.mcu.externaltools.gnu-tools-for-stm32.7-2018-q2-update.win32_1.5.0.202011040924/tools/bin/../lib/gcc/arm-none-eabi/7.3.1/../../../../arm-none-eabi/lib/thumb/v7e-m/fpv4-sp/hard\libc_nano.a(lib_a-init.o)
 .debug_frame   0x00000000000053e0       0x28 c:/st/stm32cubeide_1.3.0/stm32cubeide/plugins/com.st.stm32cube.ide.mcu.externaltools.gnu-tools-for-stm32.7-2018-q2-update.win32_1.5.0.202011040924/tools/bin/../lib/gcc/arm-none-eabi/7.3.1/../../../../arm-none-eabi/lib/thumb/v7e-m/fpv4-sp/hard\libc_nano.a(lib_a-memcpy-stub.o)
 .debug_frame   0x0000000000005408       0x20 c:/st/stm32cubeide_1.3.0/stm32cubeide/plugins/com.st.stm32cube.ide.mcu.externaltools.gnu-tools-for-stm32.7-2018-q2-update.win32_1.5.0.202011040924/tools/bin/../lib/gcc/arm-none-eabi/7.3.1/../../../../arm-none-eabi/lib/thumb/v7e-m/fpv4-sp/hard\libc_nano.a(lib_a-memset.o)
 .debug_frame   0x0000000000005428       0x20 c:/st/stm32cubeide_1.3.0/stm32cubeide/plugins/com.st.stm32cube.ide.mcu.externaltools.gnu-tools-for-stm32.7-2018-q2-update.win32_1.5.0.202011040924/tools/bin/../lib/gcc/arm-none-eabi/7.3.1/../../../../arm-none-eabi/lib/thumb/v7e-m/fpv4-sp/hard\libc_nano.a(lib_a-strcpy.o)
 .debug_frame   0x0000000000005448       0x2c c:/st/stm32cubeide_1.3.0/stm32cubeide/plugins/com.st.stm32cube.ide.mcu.externaltools.gnu-tools-for-stm32.7-2018-q2-update.win32_1.5.0.202011040924/tools/bin/../lib/gcc/arm-none-eabi/7.3.1/thumb/v7e-m/fpv4-sp/hard\libgcc.a(_aeabi_uldivmod.o)
 .debug_frame   0x0000000000005474       0x34 c:/st/stm32cubeide_1.3.0/stm32cubeide/plugins/com.st.stm32cube.ide.mcu.externaltools.gnu-tools-for-stm32.7-2018-q2-update.win32_1.5.0.202011040924/tools/bin/../lib/gcc/arm-none-eabi/7.3.1/thumb/v7e-m/fpv4-sp/hard\libgcc.a(_udivmoddi4.o)