main.c:131:5:main	8	static
main.c:387:6:SystemClock_Config	88	static
main.c:427:6:config	24	static
main.c:467:6:LS_tyl	8	static
main.c:473:6:LS_przod	8	static
main.c:479:6:LS_stop	8	static
main.c:485:6:PS_tyl	8	static
main.c:491:6:PS_przod	8	static
main.c:497:6:PS_stop	8	static
main.c:503:6:przod	8	static
main.c:509:6:tyl	8	static
main.c:515:6:stoj	8	static
main.c:520:6:lewy_szybko	8	static
main.c:526:6:prawy_szybko	8	static
main.c:532:6:lewy	8	static
main.c:538:6:prawy	8	static
main.c:544:6:rspomiar	8	static
main.c:589:6:rsens	24	static
main.c:600:6:lsens	24	static
main.c:610:6:led	16	static
main.c:637:5:wybor	16	static
main.c:655:6:zerujE	4	static
main.c:661:6:soft_start	8	static
main.c:709:6:bialaL	8	static
main.c:770:6:taktyka2	8	static
main.c:791:6:taktyka3	16	static
main.c:827:6:Error_Handler	4	static
